Component: ARM Compiler 5.06 update 4 (build 422) Tool: armlink [4d35d2]

==============================================================================

Section Cross References

    startup_stm32f407xx.o(RESET) refers to startup_stm32f407xx.o(STACK) for __initial_sp
    startup_stm32f407xx.o(RESET) refers to startup_stm32f407xx.o(.text) for Reset_Handler
    startup_stm32f407xx.o(RESET) refers to stm32f4xx_it.o(i.NMI_Handler) for NMI_Handler
    startup_stm32f407xx.o(RESET) refers to stm32f4xx_it.o(i.HardFault_Handler) for HardFault_Handler
    startup_stm32f407xx.o(RESET) refers to stm32f4xx_it.o(i.MemManage_Handler) for MemManage_Handler
    startup_stm32f407xx.o(RESET) refers to stm32f4xx_it.o(i.BusFault_Handler) for BusFault_Handler
    startup_stm32f407xx.o(RESET) refers to stm32f4xx_it.o(i.UsageFault_Handler) for UsageFault_Handler
    startup_stm32f407xx.o(RESET) refers to exp1_b_thread.o(.emb_text) for SVC_Handler
    startup_stm32f407xx.o(RESET) refers to stm32f4xx_it.o(i.DebugMon_Handler) for DebugMon_Handler
    startup_stm32f407xx.o(RESET) refers to stm32f4xx_it.o(i.PendSV_Handler) for PendSV_Handler
    startup_stm32f407xx.o(RESET) refers to stm32f4xx_it.o(i.SysTick_Handler) for SysTick_Handler
    startup_stm32f407xx.o(RESET) refers to board_fsm4_main.o(i.TIM1_UP_TIM10_IRQHandler) for TIM1_UP_TIM10_IRQHandler
    startup_stm32f407xx.o(.text) refers to system_stm32f4xx.o(i.SystemInit) for SystemInit
    startup_stm32f407xx.o(.text) refers to entry.o(.ARM.Collect$$$$00000000) for __main
    stm32f4xx_it.o(i.SysTick_Handler) refers to stm32f4xx_hal.o(i.HAL_IncTick) for HAL_IncTick
    stm32f4xx_hal_msp.o(i.HAL_TIM_Base_MspDeInit) refers to stm32f4xx_hal_cortex.o(i.HAL_NVIC_DisableIRQ) for HAL_NVIC_DisableIRQ
    stm32f4xx_hal_msp.o(i.HAL_TIM_Base_MspInit) refers to stm32f4xx_hal_cortex.o(i.HAL_NVIC_SetPriority) for HAL_NVIC_SetPriority
    stm32f4xx_hal_msp.o(i.HAL_TIM_Base_MspInit) refers to stm32f4xx_hal_cortex.o(i.HAL_NVIC_EnableIRQ) for HAL_NVIC_EnableIRQ
    stm32f4xx_hal_msp.o(i.HAL_UART_MspDeInit) refers to stm32f4xx_hal_gpio.o(i.HAL_GPIO_DeInit) for HAL_GPIO_DeInit
    stm32f4xx_hal_msp.o(i.HAL_UART_MspInit) refers to memseta.o(.text) for __aeabi_memclr4
    stm32f4xx_hal_msp.o(i.HAL_UART_MspInit) refers to stm32f4xx_hal_gpio.o(i.HAL_GPIO_Init) for HAL_GPIO_Init
    stm32f4xx_hal_tim.o(i.HAL_TIM_Base_DeInit) refers to stm32f4xx_hal_msp.o(i.HAL_TIM_Base_MspDeInit) for HAL_TIM_Base_MspDeInit
    stm32f4xx_hal_tim.o(i.HAL_TIM_Base_Init) refers to stm32f4xx_hal_msp.o(i.HAL_TIM_Base_MspInit) for HAL_TIM_Base_MspInit
    stm32f4xx_hal_tim.o(i.HAL_TIM_Base_Init) refers to stm32f4xx_hal_tim.o(i.TIM_Base_SetConfig) for TIM_Base_SetConfig
    stm32f4xx_hal_tim.o(i.HAL_TIM_Base_Start_DMA) refers to stm32f4xx_hal_dma.o(i.HAL_DMA_Start_IT) for HAL_DMA_Start_IT
    stm32f4xx_hal_tim.o(i.HAL_TIM_Base_Start_DMA) refers to stm32f4xx_hal_tim.o(i.TIM_DMAPeriodElapsedCplt) for TIM_DMAPeriodElapsedCplt
    stm32f4xx_hal_tim.o(i.HAL_TIM_Base_Start_DMA) refers to stm32f4xx_hal_tim.o(i.TIM_DMAPeriodElapsedHalfCplt) for TIM_DMAPeriodElapsedHalfCplt
    stm32f4xx_hal_tim.o(i.HAL_TIM_Base_Start_DMA) refers to stm32f4xx_hal_tim.o(i.TIM_DMAError) for TIM_DMAError
    stm32f4xx_hal_tim.o(i.HAL_TIM_Base_Stop_DMA) refers to stm32f4xx_hal_dma.o(i.HAL_DMA_Abort_IT) for HAL_DMA_Abort_IT
    stm32f4xx_hal_tim.o(i.HAL_TIM_ConfigClockSource) refers to stm32f4xx_hal_tim.o(i.TIM_ETR_SetConfig) for TIM_ETR_SetConfig
    stm32f4xx_hal_tim.o(i.HAL_TIM_ConfigClockSource) refers to stm32f4xx_hal_tim.o(i.TIM_TI1_ConfigInputStage) for TIM_TI1_ConfigInputStage
    stm32f4xx_hal_tim.o(i.HAL_TIM_ConfigClockSource) refers to stm32f4xx_hal_tim.o(i.TIM_ITRx_SetConfig) for TIM_ITRx_SetConfig
    stm32f4xx_hal_tim.o(i.HAL_TIM_ConfigClockSource) refers to stm32f4xx_hal_tim.o(i.TIM_TI2_ConfigInputStage) for TIM_TI2_ConfigInputStage
    stm32f4xx_hal_tim.o(i.HAL_TIM_ConfigOCrefClear) refers to stm32f4xx_hal_tim.o(i.TIM_ETR_SetConfig) for TIM_ETR_SetConfig
    stm32f4xx_hal_tim.o(i.HAL_TIM_DMABurst_ReadStart) refers to stm32f4xx_hal_dma.o(i.HAL_DMA_Start_IT) for HAL_DMA_Start_IT
    stm32f4xx_hal_tim.o(i.HAL_TIM_DMABurst_ReadStart) refers to stm32f4xx_hal_tim.o(i.TIM_DMAPeriodElapsedCplt) for TIM_DMAPeriodElapsedCplt
    stm32f4xx_hal_tim.o(i.HAL_TIM_DMABurst_ReadStart) refers to stm32f4xx_hal_tim.o(i.TIM_DMAPeriodElapsedHalfCplt) for TIM_DMAPeriodElapsedHalfCplt
    stm32f4xx_hal_tim.o(i.HAL_TIM_DMABurst_ReadStart) refers to stm32f4xx_hal_tim.o(i.TIM_DMAError) for TIM_DMAError
    stm32f4xx_hal_tim.o(i.HAL_TIM_DMABurst_ReadStart) refers to stm32f4xx_hal_tim.o(i.TIM_DMACaptureCplt) for TIM_DMACaptureCplt
    stm32f4xx_hal_tim.o(i.HAL_TIM_DMABurst_ReadStart) refers to stm32f4xx_hal_tim.o(i.TIM_DMACaptureHalfCplt) for TIM_DMACaptureHalfCplt
    stm32f4xx_hal_tim.o(i.HAL_TIM_DMABurst_ReadStart) refers to stm32f4xx_hal_tim_ex.o(i.TIMEx_DMACommutationCplt) for TIMEx_DMACommutationCplt
[...]
    Removing stm32f4xx_hal_uart.o(i.HAL_HalfDuplex_EnableReceiver), (68 bytes).
    Removing stm32f4xx_hal_uart.o(i.HAL_HalfDuplex_EnableTransmitter), (68 bytes).
    Removing stm32f4xx_hal_uart.o(i.HAL_HalfDuplex_Init), (118 bytes).
    Removing stm32f4xx_hal_uart.o(i.HAL_LIN_Init), (142 bytes).
    Removing stm32f4xx_hal_uart.o(i.HAL_LIN_SendBreak), (62 bytes).
    Removing stm32f4xx_hal_uart.o(i.HAL_MultiProcessor_EnterMuteMode), (62 bytes).
    Removing stm32f4xx_hal_uart.o(i.HAL_MultiProcessor_ExitMuteMode), (62 bytes).
    Removing stm32f4xx_hal_uart.o(i.HAL_MultiProcessor_Init), (154 bytes).
    Removing stm32f4xx_hal_uart.o(i.HAL_UART_Abort), (170 bytes).
    Removing stm32f4xx_hal_uart.o(i.HAL_UART_AbortCpltCallback), (2 bytes).
    Removing stm32f4xx_hal_uart.o(i.HAL_UART_AbortReceive), (102 bytes).
    Removing stm32f4xx_hal_uart.o(i.HAL_UART_AbortReceiveCpltCallback), (2 bytes).
    Removing stm32f4xx_hal_uart.o(i.HAL_UART_AbortReceive_IT), (120 bytes).
    Removing stm32f4xx_hal_uart.o(i.HAL_UART_AbortTransmit), (90 bytes).
    Removing stm32f4xx_hal_uart.o(i.HAL_UART_AbortTransmitCpltCallback), (2 bytes).
    Removing stm32f4xx_hal_uart.o(i.HAL_UART_AbortTransmit_IT), (108 bytes).
    Removing stm32f4xx_hal_uart.o(i.HAL_UART_Abort_IT), (224 bytes).
    Removing stm32f4xx_hal_uart.o(i.HAL_UART_DMAPause), (124 bytes).
    Removing stm32f4xx_hal_uart.o(i.HAL_UART_DMAResume), (126 bytes).
    Removing stm32f4xx_hal_uart.o(i.HAL_UART_DMAStop), (102 bytes).
    Removing stm32f4xx_hal_uart.o(i.HAL_UART_DeInit), (58 bytes).
    Removing stm32f4xx_hal_uart.o(i.HAL_UART_ErrorCallback), (2 bytes).
    Removing stm32f4xx_hal_uart.o(i.HAL_UART_GetError), (6 bytes).
    Removing stm32f4xx_hal_uart.o(i.HAL_UART_GetState), (20 bytes).
    Removing stm32f4xx_hal_uart.o(i.HAL_UART_IRQHandler), (332 bytes).
    Removing stm32f4xx_hal_uart.o(i.HAL_UART_MspDeInit), (2 bytes).
    Removing stm32f4xx_hal_uart.o(i.HAL_UART_MspInit), (2 bytes).
    Removing stm32f4xx_hal_uart.o(i.HAL_UART_Receive), (222 bytes).
    Removing stm32f4xx_hal_uart.o(i.HAL_UART_Receive_DMA), (196 bytes).
    Removing stm32f4xx_hal_uart.o(i.HAL_UART_Receive_IT), (112 bytes).
    Removing stm32f4xx_hal_uart.o(i.HAL_UART_RxCpltCallback), (2 bytes).
    Removing stm32f4xx_hal_uart.o(i.HAL_UART_RxHalfCpltCallback), (2 bytes).
    Removing stm32f4xx_hal_uart.o(i.HAL_UART_Transmit), (214 bytes).
    Removing stm32f4xx_hal_uart.o(i.HAL_UART_Transmit_DMA), (156 bytes).
    Removing stm32f4xx_hal_uart.o(i.HAL_UART_Transmit_IT), (88 bytes).
    Removing stm32f4xx_hal_uart.o(i.HAL_UART_TxCpltCallback), (2 bytes).
    Removing stm32f4xx_hal_uart.o(i.HAL_UART_TxHalfCpltCallback), (2 bytes).
    Removing stm32f4xx_hal_uart.o(i.UART_DMAAbortOnError), (20 bytes).
    Removing stm32f4xx_hal_uart.o(i.UART_DMAError), (80 bytes).
    Removing stm32f4xx_hal_uart.o(i.UART_DMAReceiveCplt), (70 bytes).
    Removing stm32f4xx_hal_uart.o(i.UART_DMARxAbortCallback), (52 bytes).
    Removing stm32f4xx_hal_uart.o(i.UART_DMARxHalfCplt), (14 bytes).
    Removing stm32f4xx_hal_uart.o(i.UART_DMARxOnlyAbortCallback), (24 bytes).
    Removing stm32f4xx_hal_uart.o(i.UART_DMATransmitCplt), (54 bytes).
    Removing stm32f4xx_hal_uart.o(i.UART_DMATxAbortCallback), (52 bytes).
    Removing stm32f4xx_hal_uart.o(i.UART_DMATxHalfCplt), (14 bytes).
    Removing stm32f4xx_hal_uart.o(i.UART_DMATxOnlyAbortCallback), (24 bytes).
    Removing stm32f4xx_hal_uart.o(i.UART_EndRxTransfer), (32 bytes).
    Removing stm32f4xx_hal_uart.o(i.UART_EndTransmit_IT), (32 bytes).
    Removing stm32f4xx_hal_uart.o(i.UART_EndTxTransfer), (20 bytes).
    Removing stm32f4xx_hal_uart.o(i.UART_Receive_IT), (166 bytes).
    Removing stm32f4xx_hal_uart.o(i.UART_Transmit_IT), (104 bytes).
    Removing stm32f4xx_hal_uart.o(i.UART_WaitOnFlagUntilTimeout), (108 bytes).
    Removing stm32f4xx_hal_rcc.o(.rev16_text), (4 bytes).
    Removing stm32f4xx_hal_rcc.o(.revsh_text), (4 bytes).
    Removing stm32f4xx_hal_rcc.o(.rrx_text), (6 bytes).
    Removing stm32f4xx_hal_rcc.o(i.HAL_RCC_CSSCallback), (2 bytes).
    Removing stm32f4xx_hal_rcc.o(i.HAL_RCC_DeInit), (4 bytes).
    Removing stm32f4xx_hal_rcc.o(i.HAL_RCC_DisableCSS), (12 bytes).
    Removing stm32f4xx_hal_rcc.o(i.HAL_RCC_EnableCSS), (12 bytes).
    Removing stm32f4xx_hal_rcc.o(i.HAL_RCC_GetClockConfig), (68 bytes).
    Removing stm32f4xx_hal_rcc.o(i.HAL_RCC_GetOscConfig), (244 bytes).
    Removing stm32f4xx_hal_rcc.o(i.HAL_RCC_MCOConfig), (192 bytes).
    Removing stm32f4xx_hal_rcc.o(i.HAL_RCC_NMI_IRQHandler), (32 bytes).
    Removing stm32f4xx_hal_rcc_ex.o(.rev16_text), (4 bytes).
    Removing stm32f4xx_hal_rcc_ex.o(.revsh_text), (4 bytes).
    Removing stm32f4xx_hal_rcc_ex.o(.rrx_text), (6 bytes).
    Removing stm32f4xx_hal_rcc_ex.o(i.HAL_RCCEx_DisablePLLI2S), (56 bytes).
    Removing stm32f4xx_hal_rcc_ex.o(i.HAL_RCCEx_EnablePLLI2S), (112 bytes).
    Removing stm32f4xx_hal_rcc_ex.o(i.HAL_RCCEx_GetPeriphCLKConfig), (56 bytes).
    Removing stm32f4xx_hal_rcc_ex.o(i.HAL_RCCEx_GetPeriphCLKFreq), (144 bytes).
    Removing stm32f4xx_hal_rcc_ex.o(i.HAL_RCCEx_PeriphCLKConfig), (416 bytes).
    Removing stm32f4xx_hal_rcc_ex.o(i.HAL_RCC_DeInit), (376 bytes).
    Removing stm32f4xx_hal_flash.o(.rev16_text), (4 bytes).
    Removing stm32f4xx_hal_flash.o(.revsh_text), (4 bytes).
    Removing stm32f4xx_hal_flash.o(.rrx_text), (6 bytes).
    Removing stm32f4xx_hal_flash.o(i.FLASH_Program_Byte), (36 bytes).
    Removing stm32f4xx_hal_flash.o(i.FLASH_Program_DoubleWord), (44 bytes).
    Removing stm32f4xx_hal_flash.o(i.FLASH_Program_HalfWord), (40 bytes).
    Removing stm32f4xx_hal_flash.o(i.FLASH_Program_Word), (40 bytes).
    Removing stm32f4xx_hal_flash.o(i.FLASH_SetErrorCode), (152 bytes).
    Removing stm32f4xx_hal_flash.o(i.FLASH_WaitForLastOperation), (100 bytes).
    Removing stm32f4xx_hal_flash.o(i.HAL_FLASH_EndOfOperationCallback), (2 bytes).
    Removing stm32f4xx_hal_flash.o(i.HAL_FLASH_GetError), (12 bytes).
    Removing stm32f4xx_hal_flash.o(i.HAL_FLASH_IRQHandler), (272 bytes).
    Removing stm32f4xx_hal_flash.o(i.HAL_FLASH_Lock), (20 bytes).
    Removing stm32f4xx_hal_flash.o(i.HAL_FLASH_OB_Launch), (28 bytes).
    Removing stm32f4xx_hal_flash.o(i.HAL_FLASH_OB_Lock), (20 bytes).
    Removing stm32f4xx_hal_flash.o(i.HAL_FLASH_OB_Unlock), (44 bytes).
    Removing stm32f4xx_hal_flash.o(i.HAL_FLASH_OperationErrorCallback), (2 bytes).
    Removing stm32f4xx_hal_flash.o(i.HAL_FLASH_Program), (152 bytes).
    Removing stm32f4xx_hal_flash.o(i.HAL_FLASH_Program_IT), (136 bytes).
    Removing stm32f4xx_hal_flash.o(i.HAL_FLASH_Unlock), (52 bytes).
    Removing stm32f4xx_hal_flash.o(.bss), (32 bytes).
    Removing stm32f4xx_hal_flash_ex.o(.rev16_text), (4 bytes).
    Removing stm32f4xx_hal_flash_ex.o(.revsh_text), (4 bytes).
    Removing stm32f4xx_hal_flash_ex.o(.rrx_text), (6 bytes).
    Removing stm32f4xx_hal_flash_ex.o(i.FLASH_Erase_Sector), (92 bytes).
    Removing stm32f4xx_hal_flash_ex.o(i.FLASH_FlushCaches), (120 bytes).
    Removing stm32f4xx_hal_flash_ex.o(i.FLASH_MassErase), (48 bytes).
    Removing stm32f4xx_hal_flash_ex.o(i.FLASH_OB_BOR_LevelConfig), (32 bytes).
    Removing stm32f4xx_hal_flash_ex.o(i.FLASH_OB_DisableWRP), (40 bytes).
    Removing stm32f4xx_hal_flash_ex.o(i.FLASH_OB_EnableWRP), (40 bytes).
    Removing stm32f4xx_hal_flash_ex.o(i.FLASH_OB_GetBOR), (16 bytes).
    Removing stm32f4xx_hal_flash_ex.o(i.FLASH_OB_GetRDP), (36 bytes).
    Removing stm32f4xx_hal_flash_ex.o(i.FLASH_OB_GetUser), (16 bytes).
    Removing stm32f4xx_hal_flash_ex.o(i.FLASH_OB_GetWRP), (12 bytes).
    Removing stm32f4xx_hal_flash_ex.o(i.FLASH_OB_RDP_LevelConfig), (32 bytes).
    Removing stm32f4xx_hal_flash_ex.o(i.FLASH_OB_UserConfig), (60 bytes).
    Removing stm32f4xx_hal_flash_ex.o(i.HAL_FLASHEx_Erase), (172 bytes).
    Removing stm32f4xx_hal_flash_ex.o(i.HAL_FLASHEx_Erase_IT), (120 bytes).
    Removing stm32f4xx_hal_flash_ex.o(i.HAL_FLASHEx_OBGetConfig), (34 bytes).
    Removing stm32f4xx_hal_flash_ex.o(i.HAL_FLASHEx_OBProgram), (148 bytes).
    Removing stm32f4xx_hal_flash_ramfunc.o(.rev16_text), (4 bytes).
    Removing stm32f4xx_hal_flash_ramfunc.o(.revsh_text), (4 bytes).
    Removing stm32f4xx_hal_flash_ramfunc.o(.rrx_text), (6 bytes).
    Removing stm32f4xx_hal_gpio.o(.rev16_text), (4 bytes).
    Removing stm32f4xx_hal_gpio.o(.revsh_text), (4 bytes).
    Removing stm32f4xx_hal_gpio.o(.rrx_text), (6 bytes).
    Removing stm32f4xx_hal_gpio.o(i.HAL_GPIO_DeInit), (356 bytes).
    Removing stm32f4xx_hal_gpio.o(i.HAL_GPIO_EXTI_Callback), (2 bytes).
    Removing stm32f4xx_hal_gpio.o(i.HAL_GPIO_EXTI_IRQHandler), (28 bytes).
    Removing stm32f4xx_hal_gpio.o(i.HAL_GPIO_LockPin), (46 bytes).
    Removing stm32f4xx_hal_gpio.o(i.HAL_GPIO_ReadPin), (16 bytes).
    Removing stm32f4xx_hal_gpio.o(i.HAL_GPIO_TogglePin), (18 bytes).
    Removing stm32f4xx_hal_dma_ex.o(.rev16_text), (4 bytes).
    Removing stm32f4xx_hal_dma_ex.o(.revsh_text), (4 bytes).
    Removing stm32f4xx_hal_dma_ex.o(.rrx_text), (6 bytes).
    Removing stm32f4xx_hal_dma_ex.o(i.DMA_MultiBufferSetConfig), (32 bytes).
    Removing stm32f4xx_hal_dma_ex.o(i.HAL_DMAEx_ChangeMemory), (18 bytes).
    Removing stm32f4xx_hal_dma_ex.o(i.HAL_DMAEx_MultiBufferStart), (124 bytes).
    Removing stm32f4xx_hal_dma_ex.o(i.HAL_DMAEx_MultiBufferStart_IT), (4056 bytes).
    Removing stm32f4xx_hal_dma.o(.rev16_text), (4 bytes).
    Removing stm32f4xx_hal_dma.o(.revsh_text), (4 bytes).
    Removing stm32f4xx_hal_dma.o(.rrx_text), (6 bytes).
    Removing stm32f4xx_hal_dma.o(i.DMA_CalcBaseAndBitshift), (52 bytes).
    Removing stm32f4xx_hal_dma.o(i.DMA_CheckFifoParam), (170 bytes).
    Removing stm32f4xx_hal_dma.o(i.DMA_SetConfig), (44 bytes).
    Removing stm32f4xx_hal_dma.o(i.HAL_DMA_Abort), (170 bytes).
    Removing stm32f4xx_hal_dma.o(i.HAL_DMA_Abort_IT), (40 bytes).
    Removing stm32f4xx_hal_dma.o(i.HAL_DMA_DeInit), (112 bytes).
    Removing stm32f4xx_hal_dma.o(i.HAL_DMA_GetError), (6 bytes).
    Removing stm32f4xx_hal_dma.o(i.HAL_DMA_GetState), (8 bytes).
    Removing stm32f4xx_hal_dma.o(i.HAL_DMA_IRQHandler), (576 bytes).
    Removing stm32f4xx_hal_dma.o(i.HAL_DMA_Init), (236 bytes).
    Removing stm32f4xx_hal_dma.o(i.HAL_DMA_PollForTransfer), (346 bytes).
    Removing stm32f4xx_hal_dma.o(i.HAL_DMA_RegisterCallback), (94 bytes).
    Removing stm32f4xx_hal_dma.o(i.HAL_DMA_Start), (102 bytes).
    Removing stm32f4xx_hal_dma.o(i.HAL_DMA_Start_IT), (158 bytes).
    Removing stm32f4xx_hal_dma.o(i.HAL_DMA_UnRegisterCallback), (124 bytes).
    Removing stm32f4xx_hal_dma.o(.constdata), (8 bytes).
    Removing stm32f4xx_hal_pwr.o(.rev16_text), (4 bytes).
    Removing stm32f4xx_hal_pwr.o(.revsh_text), (4 bytes).
    Removing stm32f4xx_hal_pwr.o(.rrx_text), (6 bytes).
    Removing stm32f4xx_hal_pwr.o(i.HAL_PWR_ConfigPVD), (180 bytes).
    Removing stm32f4xx_hal_pwr.o(i.HAL_PWR_DeInit), (28 bytes).
    Removing stm32f4xx_hal_pwr.o(i.HAL_PWR_DisableBkUpAccess), (12 bytes).
    Removing stm32f4xx_hal_pwr.o(i.HAL_PWR_DisablePVD), (12 bytes).
    Removing stm32f4xx_hal_pwr.o(i.HAL_PWR_DisableSEVOnPend), (20 bytes).
    Removing stm32f4xx_hal_pwr.o(i.HAL_PWR_DisableSleepOnExit), (20 bytes).
    Removing stm32f4xx_hal_pwr.o(i.HAL_PWR_DisableWakeUpPin), (16 bytes).
    Removing stm32f4xx_hal_pwr.o(i.HAL_PWR_EnableBkUpAccess), (12 bytes).
    Removing stm32f4xx_hal_pwr.o(i.HAL_PWR_EnablePVD), (12 bytes).
    Removing stm32f4xx_hal_pwr.o(i.HAL_PWR_EnableSEVOnPend), (20 bytes).
    Removing stm32f4xx_hal_pwr.o(i.HAL_PWR_EnableSleepOnExit), (20 bytes).
    Removing stm32f4xx_hal_pwr.o(i.HAL_PWR_EnableWakeUpPin), (16 bytes).
    Removing stm32f4xx_hal_pwr.o(i.HAL_PWR_EnterSLEEPMode), (32 bytes).
    Removing stm32f4xx_hal_pwr.o(i.HAL_PWR_EnterSTANDBYMode), (40 bytes).
    Removing stm32f4xx_hal_pwr.o(i.HAL_PWR_EnterSTOPMode), (64 bytes).
    Removing stm32f4xx_hal_pwr.o(i.HAL_PWR_PVDCallback), (2 bytes).
    Removing stm32f4xx_hal_pwr.o(i.HAL_PWR_PVD_IRQHandler), (32 bytes).
    Removing stm32f4xx_hal_pwr_ex.o(.rev16_text), (4 bytes).
    Removing stm32f4xx_hal_pwr_ex.o(.revsh_text), (4 bytes).
    Removing stm32f4xx_hal_pwr_ex.o(.rrx_text), (6 bytes).
    Removing stm32f4xx_hal_pwr_ex.o(i.HAL_PWREx_ControlVoltageScaling), (120 bytes).
    Removing stm32f4xx_hal_pwr_ex.o(i.HAL_PWREx_DisableBkUpReg), (60 bytes).
    Removing stm32f4xx_hal_pwr_ex.o(i.HAL_PWREx_DisableFlashPowerDown), (12 bytes).
    Removing stm32f4xx_hal_pwr_ex.o(i.HAL_PWREx_EnableBkUpReg), (60 bytes).
    Removing stm32f4xx_hal_pwr_ex.o(i.HAL_PWREx_EnableFlashPowerDown), (12 bytes).
    Removing stm32f4xx_hal_pwr_ex.o(i.HAL_PWREx_GetVoltageRange), (16 bytes).
    Removing stm32f4xx_hal_cortex.o(.rev16_text), (4 bytes).
    Removing stm32f4xx_hal_cortex.o(.revsh_text), (4 bytes).
    Removing stm32f4xx_hal_cortex.o(.rrx_text), (6 bytes).
    Removing stm32f4xx_hal_cortex.o(i.HAL_MPU_ConfigRegion), (92 bytes).
    Removing stm32f4xx_hal_cortex.o(i.HAL_MPU_Disable), (44 bytes).
    Removing stm32f4xx_hal_cortex.o(i.HAL_MPU_Enable), (64 bytes).
    Removing stm32f4xx_hal_cortex.o(i.HAL_NVIC_ClearPendingIRQ), (36 bytes).
    Removing stm32f4xx_hal_cortex.o(i.HAL_NVIC_DisableIRQ), (68 bytes).
    Removing stm32f4xx_hal_cortex.o(i.HAL_NVIC_GetActive), (48 bytes).
    Removing stm32f4xx_hal_cortex.o(i.HAL_NVIC_GetPendingIRQ), (48 bytes).
    Removing stm32f4xx_hal_cortex.o(i.HAL_NVIC_GetPriority), (148 bytes).
    Removing stm32f4xx_hal_cortex.o(i.HAL_NVIC_GetPriorityGrouping), (8 bytes).
    Removing stm32f4xx_hal_cortex.o(i.HAL_NVIC_SetPendingIRQ), (36 bytes).
    Removing stm32f4xx_hal_cortex.o(i.HAL_NVIC_SystemReset), (68 bytes).
    Removing stm32f4xx_hal_cortex.o(i.HAL_SYSTICK_CLKSourceConfig), (40 bytes).
    Removing stm32f4xx_hal_cortex.o(i.HAL_SYSTICK_Callback), (2 bytes).
    Removing stm32f4xx_hal_cortex.o(i.HAL_SYSTICK_IRQHandler), (8 bytes).
    Removing stm32f4xx_hal.o(.rev16_text), (4 bytes).
    Removing stm32f4xx_hal.o(.revsh_text), (4 bytes).
    Removing stm32f4xx_hal.o(.rrx_text), (6 bytes).
    Removing stm32f4xx_hal.o(i.HAL_DBGMCU_DisableDBGSleepMode), (20 bytes).
    Removing stm32f4xx_hal.o(i.HAL_DBGMCU_DisableDBGStandbyMode), (20 bytes).
    Removing stm32f4xx_hal.o(i.HAL_DBGMCU_DisableDBGStopMode), (20 bytes).
    Removing stm32f4xx_hal.o(i.HAL_DBGMCU_EnableDBGSleepMode), (20 bytes).
    Removing stm32f4xx_hal.o(i.HAL_DBGMCU_EnableDBGStandbyMode), (20 bytes).
    Removing stm32f4xx_hal.o(i.HAL_DBGMCU_EnableDBGStopMode), (20 bytes).
    Removing stm32f4xx_hal.o(i.HAL_DeInit), (68 bytes).
    Removing stm32f4xx_hal.o(i.HAL_Delay), (40 bytes).
    Removing stm32f4xx_hal.o(i.HAL_DisableCompensationCell), (12 bytes).
    Removing stm32f4xx_hal.o(i.HAL_EnableCompensationCell), (12 bytes).
    Removing stm32f4xx_hal.o(i.HAL_GetDEVID), (16 bytes).
    Removing stm32f4xx_hal.o(i.HAL_GetHalVersion), (8 bytes).
    Removing stm32f4xx_hal.o(i.HAL_GetREVID), (12 bytes).
    Removing stm32f4xx_hal.o(i.HAL_GetTickFreq), (12 bytes).
    Removing stm32f4xx_hal.o(i.HAL_GetTickPrio), (12 bytes).
    Removing stm32f4xx_hal.o(i.HAL_GetUIDw0), (12 bytes).
    Removing stm32f4xx_hal.o(i.HAL_GetUIDw1), (12 bytes).
    Removing stm32f4xx_hal.o(i.HAL_GetUIDw2), (12 bytes).
    Removing stm32f4xx_hal.o(i.HAL_MspDeInit), (2 bytes).
    Removing stm32f4xx_hal.o(i.HAL_MspInit), (2 bytes).
    Removing stm32f4xx_hal.o(i.HAL_ResumeTick), (18 bytes).
    Removing stm32f4xx_hal.o(i.HAL_SetTickFreq), (40 bytes).
    Removing stm32f4xx_hal.o(i.HAL_SuspendTick), (18 bytes).
    Removing stm32f4xx_hal_exti.o(.rev16_text), (4 bytes).
    Removing stm32f4xx_hal_exti.o(.revsh_text), (4 bytes).
    Removing stm32f4xx_hal_exti.o(.rrx_text), (6 bytes).
    Removing stm32f4xx_hal_exti.o(i.HAL_EXTI_ClearConfigLine), (72 bytes).
    Removing stm32f4xx_hal_exti.o(i.HAL_EXTI_ClearPending), (12 bytes).
    Removing stm32f4xx_hal_exti.o(i.HAL_EXTI_GenerateSWI), (12 bytes).
    Removing stm32f4xx_hal_exti.o(i.HAL_EXTI_GetConfigLine), (128 bytes).
    Removing stm32f4xx_hal_exti.o(i.HAL_EXTI_GetHandle), (14 bytes).
    Removing stm32f4xx_hal_exti.o(i.HAL_EXTI_GetPending), (32 bytes).
    Removing stm32f4xx_hal_exti.o(i.HAL_EXTI_IRQHandler), (32 bytes).
    Removing stm32f4xx_hal_exti.o(i.HAL_EXTI_RegisterCallback), (20 bytes).
    Removing stm32f4xx_hal_exti.o(i.HAL_EXTI_SetConfigLine), (144 bytes).
    Removing system_stm32f4xx.o(.rev16_text), (4 bytes).
    Removing system_stm32f4xx.o(.revsh_text), (4 bytes).
    Removing system_stm32f4xx.o(.rrx_text), (6 bytes).
    Removing system_stm32f4xx.o(i.SystemCoreClockUpdate), (192 bytes).
    Removing debug.o(.rev16_text), (4 bytes).
    Removing debug.o(.revsh_text), (4 bytes).
    Removing debug.o(.rrx_text), (6 bytes).
    Removing exp_test.o(i.cmd_morse), (52 bytes).
    Removing exp_test.o(i.exp_main), (228 bytes).
    Removing exp_test.o(i.key_thread), (16 bytes).
    Removing exp_test.o(i.led_thread), (12 bytes).
    Removing exp_test.o(i.shell_thread), (8 bytes).
    Removing exp_test.o(i.timeout_thread), (16 bytes).
    Removing exp1_a.o(.emb_text), (56 bytes).
    Removing exp1_a.o(i.exp1_a_main), (6 bytes).
    Removing exp1_b.o(i.exp1_b_main), (128 bytes).
    Removing exp1_b.o(i.foo), (28 bytes).
    Removing exp1_b_thread.o(i.prepair_thread_stack), (112 bytes).
    Removing exp1_b_thread.o(i.thread_create), (208 bytes).
    Removing exp1_b_thread.o(i.thread_free), (44 bytes).
    Removing exp1_b_thread.o(i.thread_guard), (32 bytes).
    Removing exp1_b_thread.o(i.thread_join), (22 bytes).
    Removing exp1_b_thread.o(i.thread_raise), (8 bytes).
    Removing exp1_b_thread.o(i.thread_tick_update), (68 bytes).
    Removing exp1_b_thread.o(i.thread_wait_timeout), (24 bytes).
    Removing exp1_b_thread.o(i.thread_waitall), (32 bytes).
    Removing exp1_b_thread.o(i.threadlib_close), (20 bytes).
    Removing exp1_b_thread.o(i.threadlib_open), (80 bytes).
    Removing exp1_b_thread.o(.bss), (41400 bytes).
    Removing exp2_a.o(i.delay), (56 bytes).
    Removing exp2_a.o(i.exp2_a_do), (40 bytes).
    Removing exp2_a.o(i.exp2_a_init), (12 bytes).
    Removing exp2_a.o(i.exp2_a_main), (12 bytes).
    Removing exp2_a.o(i.morse_letter), (96 bytes).
    Removing exp2_a.o(i.morse_sentence), (22 bytes).
    Removing exp2_a.o(i.morse_sequence), (30 bytes).
    Removing exp2_a.o(i.morse_wave), (38 bytes).
    Removing exp2_a.o(i.off), (32 bytes).
    Removing exp2_a.o(i.on), (32 bytes).
    Removing exp2_a.o(.conststring), (230 bytes).
    Removing exp2_a.o(.data), (148 bytes).
    Removing exp2_a_gpio.o(.rev16_text), (4 bytes).
    Removing exp2_a_gpio.o(.revsh_text), (4 bytes).
    Removing exp2_a_gpio.o(.rrx_text), (6 bytes).
    Removing exp2_a_gpio.o(i.buz1_init), (28 bytes).
    Removing exp2_a_gpio.o(i.buz1_off), (20 bytes).
    Removing exp2_a_gpio.o(i.buz1_on), (24 bytes).
    Removing exp2_a_gpio.o(i.buz1_play), (28 bytes).
    Removing exp2_a_gpio.o(i.led6_flash), (28 bytes).
    Removing exp2_a_gpio.o(i.led6_init), (2 bytes).
    Removing exp2_a_gpio.o(i.led6_off), (2 bytes).
    Removing exp2_a_gpio.o(i.led6_on), (2 bytes).
    Removing exp2_b.o(.rev16_text), (4 bytes).
    Removing exp2_b.o(.revsh_text), (4 bytes).
    Removing exp2_b.o(.rrx_text), (6 bytes).
    Removing exp2_b.o(i.HAL_CPU_Reset), (144 bytes).
    Removing exp2_b.o(i.HAL_CPU_Sleep), (84 bytes).
    Removing exp2_b.o(i.HAL_Led_flash), (124 bytes).
    Removing exp2_b.o(i.HAL_Led_write), (104 bytes).
    Removing exp2_b.o(i.HAL_read_key), (36 bytes).
    Removing exp2_b.o(i.exp2_b_do), (48 bytes).
    Removing exp2_b.o(i.exp2_b_init), (12 bytes).
    Removing exp2_b.o(i.exp2_b_main), (28 bytes).
    Removing exp2_b.o(i.key_init), (148 bytes).
    Removing exp2_b.o(i.key_process), (2 bytes).
    Removing exp2_b.o(i.key_scan), (124 bytes).
    Removing exp2_b.o(i.key_state_init), (28 bytes).
    Removing exp2_b.o(.bss), (224 bytes).
    Removing exp2_b.o(.data), (168 bytes).
    Removing exp3_a.o(i.exp3_a_do), (8 bytes).
    Removing exp3_a.o(i.exp3_a_init), (72 bytes).
    Removing exp3_a.o(i.exp3_a_main), (28 bytes).
    Removing exp3_a.o(i.fifo_create), (12 bytes).
    Removing exp3_a.o(i.fifo_empty), (16 bytes).
    Removing exp3_a.o(i.fifo_full), (18 bytes).
    Removing exp3_a.o(i.fifo_pop), (76 bytes).
    Removing exp3_a.o(i.fifo_push), (80 bytes).
    Removing exp3_a.o(i.led_ready), (4 bytes).
    Removing exp3_a.o(i.poll_add), (52 bytes).
    Removing exp3_a.o(i.poll_loop), (52 bytes).
    Removing exp3_a.o(i.split_cmdline), (88 bytes).
    Removing exp3_a.o(i.uart_readble), (8 bytes).
    Removing exp3_a.o(i.uart_recv_process), (124 bytes).
    Removing exp3_a.o(i.uart_send_process), (40 bytes).
    Removing exp3_a.o(i.uart_writeable), (8 bytes).
    Removing exp3_a.o(.bss), (192 bytes).
    Removing exp3_a.o(.data), (12 bytes).
    Removing exp3_b.o(i.cmd_d), (184 bytes).
    Removing exp3_b.o(i.cmd_help), (100 bytes).
    Removing exp3_b.o(i.cmd_led), (80 bytes).
    Removing exp3_b.o(i.display_mem), (176 bytes).
    Removing exp3_b.o(i.exp3_b_main), (28 bytes).
    Removing exp3_b.o(i.shell_execute), (56 bytes).
    Removing exp3_b.o(i.shell_loop), (56 bytes).
    Removing exp3_b.o(i.shell_push_history), (152 bytes).
    Removing exp3_b.o(i.shell_readline), (4 bytes).
    Removing exp3_b.o(i.shell_show_history), (68 bytes).
    Removing exp3_b.o(i.str_common), (32 bytes).
    Removing exp3_b.o(i.ush_auto_complete), (52 bytes).
    Removing exp3_b.o(i.ush_auto_complete_internal), (140 bytes).
    Removing exp3_b.o(i.ush_cmd_add), (44 bytes).
    Removing exp3_b.o(i.ush_execute_internal), (116 bytes).
    Removing exp3_b.o(i.ush_find_cmd), (56 bytes).
    Removing exp3_b.o(i.ush_init), (44 bytes).
    Removing exp3_b.o(i.ush_parse_and_exec_cmd), (120 bytes).
    Removing exp3_b.o(i.ush_printf), (64 bytes).
    Removing exp3_b.o(i.ush_split_cmdline), (154 bytes).
    Removing exp3_b.o(.bss), (912 bytes).
    Removing exp3_b.o(.conststring), (93 bytes).
    Removing exp3_b.o(.data), (200 bytes).
    Removing exp3_led.o(.rev16_text), (4 bytes).
    Removing exp3_led.o(.revsh_text), (4 bytes).
    Removing exp3_led.o(.rrx_text), (6 bytes).
    Removing exp3_led.o(i.led_cmd_exec), (152 bytes).
    Removing exp3_led.o(i.led_do), (96 bytes).
    Removing exp3_led.o(.bss), (16 bytes).
    Removing exp4_b.o(i.exp4_b_do), (16 bytes).
    Removing exp4_b.o(i.exp4_b_init), (16 bytes).
    Removing exp4_b.o(i.exp4_b_main), (28 bytes).
    Removing exp4_b.o(.data), (4 bytes).
    Removing nopoll.o(.rev16_text), (4 bytes).
    Removing nopoll.o(.revsh_text), (4 bytes).
    Removing nopoll.o(.rrx_text), (6 bytes).
    Removing nopoll.o(i.HAL_Delay), (30 bytes).
    Removing board_fsm4_main.o(.rev16_text), (4 bytes).
    Removing board_fsm4_main.o(.revsh_text), (4 bytes).
    Removing board_fsm4_main.o(.rrx_text), (6 bytes).
    Removing board_fsm4_main.o(i.assert_failed), (68 bytes).
    Removing board_fsm4_main.o(i.board_getc), (48 bytes).
    Removing board_fsm4_main.o(i.board_getc_ready), (16 bytes).
    Removing board_fsm4_main.o(i.in_poll_loop), (2 bytes).

522 unused section(s) (total 81413 bytes) removed from the image.

==============================================================================

Image Symbol Table

    Local Symbols

    Symbol Name                              Value     Ov Type        Size  Object(Section)

    ../Drivers/STM32F4xx_HAL_Driver/Src/stm32f4xx_hal.c 0x00000000   Number         0  stm32f4xx_hal.o ABSOLUTE
    ../Drivers/STM32F4xx_HAL_Driver/Src/stm32f4xx_hal_cortex.c 0x00000000   Number         0  stm32f4xx_hal_cortex.o ABSOLUTE
    ../Drivers/STM32F4xx_HAL_Driver/Src/stm32f4xx_hal_dma.c 0x00000000   Number         0  stm32f4xx_hal_dma.o ABSOLUTE
    ../Drivers/STM32F4xx_HAL_Driver/Src/stm32f4xx_hal_dma_ex.c 0x00000000   Number         0  stm32f4xx_hal_dma_ex.o ABSOLUTE
    ../Drivers/STM32F4xx_HAL_Driver/Src/stm32f4xx_hal_exti.c 0x00000000   Number         0  stm32f4xx_hal_exti.o ABSOLUTE
    ../Drivers/STM32F4xx_HAL_Driver/Src/stm32f4xx_hal_flash.c 0x00000000   Number         0  stm32f4xx_hal_flash.o ABSOLUTE
    ../Drivers/STM32F4xx_HAL_Driver/Src/stm32f4xx_hal_flash_ex.c 0x00000000   Number         0  stm32f4xx_hal_flash_ex.o ABSOLUTE
    ../Drivers/STM32F4xx_HAL_Driver/Src/stm32f4xx_hal_flash_ramfunc.c 0x00000000   Number         0  stm32f4xx_hal_flash_ramfunc.o ABSOLUTE
    ../Drivers/STM32F4xx_HAL_Driver/Src/stm32f4xx_hal_gpio.c 0x00000000   Number         0  stm32f4xx_hal_gpio.o ABSOLUTE
    ../Drivers/STM32F4xx_HAL_Driver/Src/stm32f4xx_hal_pwr.c 0x00000000   Number         0  stm32f4xx_hal_pwr.o ABSOLUTE
    ../Drivers/STM32F4xx_HAL_Driver/Src/stm32f4xx_hal_pwr_ex.c 0x00000000   Number         0  stm32f4xx_hal_pwr_ex.o ABSOLUTE
    ../Drivers/STM32F4xx_HAL_Driver/Src/stm32f4xx_hal_rcc.c 0x00000000   Number         0  stm32f4xx_hal_rcc.o ABSOLUTE
    ../Drivers/STM32F4xx_HAL_Driver/Src/stm32f4xx_hal_rcc_ex.c 0x00000000   Number         0  stm32f4xx_hal_rcc_ex.o ABSOLUTE
    ../Drivers/STM32F4xx_HAL_Driver/Src/stm32f4xx_hal_tim.c 0x00000000   Number         0  stm32f4xx_hal_tim.o ABSOLUTE
    ../Drivers/STM32F4xx_HAL_Driver/Src/stm32f4xx_hal_tim_ex.c 0x00000000   Number         0  stm32f4xx_hal_tim_ex.o ABSOLUTE
    ../Drivers/STM32F4xx_HAL_Driver/Src/stm32f4xx_hal_uart.c 0x00000000   Number         0  stm32f4xx_hal_uart.o ABSOLUTE
    ../Src/main.c                            0x00000000   Number         0  main.o ABSOLUTE
    ../Src/stm32f4xx_hal_msp.c               0x00000000   Number         0  stm32f4xx_hal_msp.o ABSOLUTE
    ../Src/stm32f4xx_it.c                    0x00000000   Number         0  stm32f4xx_it.o ABSOLUTE
    ../Src/system_stm32f4xx.c                0x00000000   Number         0  system_stm32f4xx.o ABSOLUTE
    ../clib/microlib/ctype/ctype.c           0x00000000   Number         0  isalnum_o.o ABSOLUTE
    ../clib/microlib/ctype/ctype.c           0x00000000   Number         0  ctype_o.o ABSOLUTE
    ../clib/microlib/ctype/ctype.c           0x00000000   Number         0  isupper_o.o ABSOLUTE
    ../clib/microlib/ctype/ctype.c           0x00000000   Number         0  islower_o.o ABSOLUTE
    ../clib/microlib/ctype/ctype.c           0x00000000   Number         0  iscntrl_o.o ABSOLUTE
    ../clib/microlib/ctype/ctype.c           0x00000000   Number         0  isxdigit_o.o ABSOLUTE
    ../clib/microlib/ctype/ctype.c           0x00000000   Number         0  isspace_o.o ABSOLUTE
    ../clib/microlib/ctype/ctype.c           0x00000000   Number         0  ispunct_o.o ABSOLUTE
    ../clib/microlib/ctype/ctype.c           0x00000000   Number         0  isprint_o.o ABSOLUTE
    ../clib/microlib/ctype/ctype.c           0x00000000   Number         0  isgraph_o.o ABSOLUTE
    ../clib/microlib/ctype/ctype.c           0x00000000   Number         0  isdigit_o.o ABSOLUTE
    ../clib/microlib/ctype/ctype.c           0x00000000   Number         0  isblank_o.o ABSOLUTE
    ../clib/microlib/ctype/ctype.c           0x00000000   Number         0  isalpha_o.o ABSOLUTE
    ../clib/microlib/division.c              0x00000000   Number         0  uidiv.o ABSOLUTE
    ../clib/microlib/division.c              0x00000000   Number         0  uldiv.o ABSOLUTE
    ../clib/microlib/errno.c                 0x00000000   Number         0  errno.o ABSOLUTE
    ../clib/microlib/init/entry.s            0x00000000   Number         0  entry.o ABSOLUTE
    ../clib/microlib/init/entry.s            0x00000000   Number         0  entry2.o ABSOLUTE
    ../clib/microlib/init/entry.s            0x00000000   Number         0  entry8a.o ABSOLUTE
    ../clib/microlib/init/entry.s            0x00000000   Number         0  entry11a.o ABSOLUTE
    ../clib/microlib/init/entry.s            0x00000000   Number         0  entry10b.o ABSOLUTE
    ../clib/microlib/init/entry.s            0x00000000   Number         0  entry7a.o ABSOLUTE
    ../clib/microlib/init/entry.s            0x00000000   Number         0  entry10a.o ABSOLUTE
    ../clib/microlib/init/entry.s            0x00000000   Number         0  entry9b.o ABSOLUTE
    ../clib/microlib/init/entry.s            0x00000000   Number         0  entry7b.o ABSOLUTE
    ../clib/microlib/init/entry.s            0x00000000   Number         0  entry11b.o ABSOLUTE
    ../clib/microlib/init/entry.s            0x00000000   Number         0  entry9a.o ABSOLUTE
    ../clib/microlib/init/entry.s            0x00000000   Number         0  entry5.o ABSOLUTE
    ../clib/microlib/init/entry.s            0x00000000   Number         0  entry8b.o ABSOLUTE
    ../clib/microlib/longlong.c              0x00000000   Number         0  llushr.o ABSOLUTE
    ../clib/microlib/longlong.c              0x00000000   Number         0  llsshr.o ABSOLUTE
    ../clib/microlib/longlong.c              0x00000000   Number         0  llshl.o ABSOLUTE
    ../clib/microlib/printf/printf.c         0x00000000   Number         0  printfa.o ABSOLUTE
    ../clib/microlib/stdio/fputc.c           0x00000000   Number         0  fputc.o ABSOLUTE
    ../clib/microlib/stdio/semi.s            0x00000000   Number         0  semi.o ABSOLUTE
    ../clib/microlib/stdio/streams.c         0x00000000   Number         0  stdout.o ABSOLUTE
    ../clib/microlib/string/memcpy.c         0x00000000   Number         0  memcpya.o ABSOLUTE
    ../clib/microlib/string/memcpy.c         0x00000000   Number         0  memcpyb.o ABSOLUTE
    ../clib/microlib/string/memset.c         0x00000000   Number         0  memseta.o ABSOLUTE
    ../clib/microlib/string/strcmp.c         0x00000000   Number         0  strcmp.o ABSOLUTE
    ../clib/microlib/string/strlen.c         0x00000000   Number         0  strlen.o ABSOLUTE
    ../clib/microlib/string/strncmp.c        0x00000000   Number         0  strncmp.o ABSOLUTE
    ../clib/microlib/string/strncpy.c        0x00000000   Number         0  strncpy.o ABSOLUTE
    ../clib/microlib/stubs.s                 0x00000000   Number         0  iusefp.o ABSOLUTE
    ../clib/microlib/stubs.s                 0x00000000   Number         0  iusesemip.o ABSOLUTE
    ../clib/scanf.c                          0x00000000   Number         0  strtoul.o ABSOLUTE
    ../clib/scanf.c                          0x00000000   Number         0  _strtoul.o ABSOLUTE
    ../clib/scanf.c                          0x00000000   Number         0  _chval.o ABSOLUTE
    ../fplib/microlib/fpadd.c                0x00000000   Number         0  dadd.o ABSOLUTE
    ../fplib/microlib/fpdiv.c                0x00000000   Number         0  ddiv.o ABSOLUTE
    ../fplib/microlib/fpepilogue.c           0x00000000   Number         0  depilogue.o ABSOLUTE
    ../fplib/microlib/fpfix.c                0x00000000   Number         0  dfixul.o ABSOLUTE
    ../fplib/microlib/fpmul.c                0x00000000   Number         0  dmul.o ABSOLUTE
    ..\Drivers\STM32F4xx_HAL_Driver\Src\stm32f4xx_hal.c 0x00000000   Number         0  stm32f4xx_hal.o ABSOLUTE
    ..\Drivers\STM32F4xx_HAL_Driver\Src\stm32f4xx_hal_cortex.c 0x00000000   Number         0  stm32f4xx_hal_cortex.o ABSOLUTE
    ..\Drivers\STM32F4xx_HAL_Driver\Src\stm32f4xx_hal_dma.c 0x00000000   Number         0  stm32f4xx_hal_dma.o ABSOLUTE
    ..\Drivers\STM32F4xx_HAL_Driver\Src\stm32f4xx_hal_dma_ex.c 0x00000000   Number         0  stm32f4xx_hal_dma_ex.o ABSOLUTE
    ..\Drivers\STM32F4xx_HAL_Driver\Src\stm32f4xx_hal_exti.c 0x00000000   Number         0  stm32f4xx_hal_exti.o ABSOLUTE
    ..\Drivers\STM32F4xx_HAL_Driver\Src\stm32f4xx_hal_flash.c 0x00000000   Number         0  stm32f4xx_hal_flash.o ABSOLUTE
    ..\Drivers\STM32F4xx_HAL_Driver\Src\stm32f4xx_hal_flash_ex.c 0x00000000   Number         0  stm32f4xx_hal_flash_ex.o ABSOLUTE
    ..\Drivers\STM32F4xx_HAL_Driver\Src\stm32f4xx_hal_flash_ramfunc.c 0x00000000   Number         0  stm32f4xx_hal_flash_ramfunc.o ABSOLUTE
    ..\Drivers\STM32F4xx_HAL_Driver\Src\stm32f4xx_hal_gpio.c 0x00000000   Number         0  stm32f4xx_hal_gpio.o ABSOLUTE
    ..\Drivers\STM32F4xx_HAL_Driver\Src\stm32f4xx_hal_pwr.c 0x00000000   Number         0  stm32f4xx_hal_pwr.o ABSOLUTE
    ..\Drivers\STM32F4xx_HAL_Driver\Src\stm32f4xx_hal_pwr_ex.c 0x00000000   Number         0  stm32f4xx_hal_pwr_ex.o ABSOLUTE
    ..\Drivers\STM32F4xx_HAL_Driver\Src\stm32f4xx_hal_rcc.c 0x00000000   Number         0  stm32f4xx_hal_rcc.o ABSOLUTE
    ..\Drivers\STM32F4xx_HAL_Driver\Src\stm32f4xx_hal_rcc_ex.c 0x00000000   Number         0  stm32f4xx_hal_rcc_ex.o ABSOLUTE
    ..\Drivers\STM32F4xx_HAL_Driver\Src\stm32f4xx_hal_tim.c 0x00000000   Number         0  stm32f4xx_hal_tim.o ABSOLUTE
    ..\Drivers\STM32F4xx_HAL_Driver\Src\stm32f4xx_hal_tim_ex.c 0x00000000   Number         0  stm32f4xx_hal_tim_ex.o ABSOLUTE
    ..\Drivers\STM32F4xx_HAL_Driver\Src\stm32f4xx_hal_uart.c 0x00000000   Number         0  stm32f4xx_hal_uart.o ABSOLUTE
    ..\Src\stm32f4xx_hal_msp.c               0x00000000   Number         0  stm32f4xx_hal_msp.o ABSOLUTE
    ..\Src\stm32f4xx_it.c                    0x00000000   Number         0  stm32f4xx_it.o ABSOLUTE
    ..\Src\system_stm32f4xx.c                0x00000000   Number         0  system_stm32f4xx.o ABSOLUTE
    ..\\exp\\board_fsm4_main.c               0x00000000   Number         0  board_fsm4_main.o ABSOLUTE
    ..\\exp\\debug.c                         0x00000000   Number         0  debug.o ABSOLUTE
    ..\\exp\\exp1_a.c                        0x00000000   Number         0  exp1_a.o ABSOLUTE
    ..\\exp\\exp1_b_thread.c                 0x00000000   Number         0  exp1_b_thread.o ABSOLUTE
    ..\\exp\\exp2_a_gpio.c                   0x00000000   Number         0  exp2_a_gpio.o ABSOLUTE
    ..\\exp\\exp2_b.c                        0x00000000   Number         0  exp2_b.o ABSOLUTE
    ..\\exp\\exp3_led.c                      0x00000000   Number         0  exp3_led.o ABSOLUTE
    ..\\exp\\nopoll.c                        0x00000000   Number         0  nopoll.o ABSOLUTE
    ..\exp\board_fsm4_main.c                 0x00000000   Number         0  board_fsm4_main.o ABSOLUTE
    ..\exp\debug.c                           0x00000000   Number         0  debug.o ABSOLUTE
    ..\exp\exp1_a.c                          0x00000000   Number         0  exp1_a.o ABSOLUTE
    ..\exp\exp1_b.c                          0x00000000   Number         0  exp1_b.o ABSOLUTE
    ..\exp\exp1_b_thread.c                   0x00000000   Number         0  exp1_b_thread.o ABSOLUTE
    ..\exp\exp2_a.c                          0x00000000   Number         0  exp2_a.o ABSOLUTE
    ..\exp\exp2_a_gpio.c                     0x00000000   Number         0  exp2_a_gpio.o ABSOLUTE
    ..\exp\exp2_b.c                          0x00000000   Number         0  exp2_b.o ABSOLUTE
    ..\exp\exp3_a.c                          0x00000000   Number         0  exp3_a.o ABSOLUTE
    ..\exp\exp3_b.c                          0x00000000   Number         0  exp3_b.o ABSOLUTE
    ..\exp\exp3_led.c                        0x00000000   Number         0  exp3_led.o ABSOLUTE
    ..\exp\exp4_a.c                          0x00000000   Number         0  exp4_a.o ABSOLUTE
    ..\exp\exp4_b.c                          0x00000000   Number         0  exp4_b.o ABSOLUTE
    ..\exp\exp_test.c                        0x00000000   Number         0  exp_test.o ABSOLUTE
    ..\exp\nopoll.c                          0x00000000   Number         0  nopoll.o ABSOLUTE
    cdrcmple.s                               0x00000000   Number         0  cdrcmple.o ABSOLUTE
    dc.s                                     0x00000000   Number         0  dc.o ABSOLUTE
    handlers.s                               0x00000000   Number         0  handlers.o ABSOLUTE
    init.s                                   0x00000000   Number         0  init.o ABSOLUTE
    startup_stm32f407xx.s                    0x00000000   Number         0  startup_stm32f407xx.o ABSOLUTE
    RESET                                    0x08000000   Section      392  startup_stm32f407xx.o(RESET)
    .ARM.Collect$$$$00000000                 0x08000188   Section        0  entry.o(.ARM.Collect$$$$00000000)
    .ARM.Collect$$$$00000001                 0x08000188   Section        4  entry2.o(.ARM.Collect$$$$00000001)
    .ARM.Collect$$$$00000004                 0x0800018c   Section        4  entry5.o(.ARM.Collect$$$$00000004)
    .ARM.Collect$$$$00000008                 0x08000190   Section        0  entry7b.o(.ARM.Collect$$$$00000008)
    .ARM.Collect$$$$0000000A                 0x08000190   Section        0  entry8b.o(.ARM.Collect$$$$0000000A)
    .ARM.Collect$$$$0000000B                 0x08000190   Section        8  entry9a.o(.ARM.Collect$$$$0000000B)
    .ARM.Collect$$$$0000000D                 0x08000198   Section        0  entry10a.o(.ARM.Collect$$$$0000000D)
    .ARM.Collect$$$$0000000F                 0x08000198   Section        0  entry11a.o(.ARM.Collect$$$$0000000F)
    .ARM.Collect$$$$00002712                 0x08000198   Section        4  entry2.o(.ARM.Collect$$$$00002712)
    __lit__00000000                          0x08000198   Data           4  entry2.o(.ARM.Collect$$$$00002712)
    .emb_text                                0x0800019c   Section       74  exp1_b_thread.o(.emb_text)
    $v0                                      0x0800019c   Number         0  exp1_b_thread.o(.emb_text)
    .text                                    0x080001e8   Section       36  startup_stm32f407xx.o(.text)
    $v0                                      0x080001e8   Number         0  startup_stm32f407xx.o(.text)
    .text                                    0x0800020c   Section        0  uldiv.o(.text)
    .text                                    0x0800026e   Section        0  memseta.o(.text)
    .text                                    0x08000292   Section        0  uidiv.o(.text)
    .text                                    0x080002be   Section        0  llshl.o(.text)
    .text                                    0x080002dc   Section        0  llushr.o(.text)
    .text                                    0x080002fc   Section        0  dadd.o(.text)
    .text                                    0x080002fc   Section        0  iusefp.o(.text)
    .text                                    0x0800044a   Section        0  dmul.o(.text)
    .text                                    0x0800052e   Section        0  ddiv.o(.text)
    .text                                    0x0800060c   Section        0  dfixul.o(.text)
    .text                                    0x0800063c   Section       48  cdrcmple.o(.text)
    .text                                    0x0800066c   Section       36  init.o(.text)
    .text                                    0x08000690   Section        0  llsshr.o(.text)
    .text                                    0x080006b4   Section        0  depilogue.o(.text)
    i.BusFault_Handler                       0x0800076e   Section        0  stm32f4xx_it.o(i.BusFault_Handler)
    i.DebugMon_Handler                       0x08000772   Section        0  stm32f4xx_it.o(i.DebugMon_Handler)
    i.HAL_GPIO_Init                          0x08000774   Section        0  stm32f4xx_hal_gpio.o(i.HAL_GPIO_Init)
    i.HAL_GPIO_WritePin                      0x08000974   Section        0  stm32f4xx_hal_gpio.o(i.HAL_GPIO_WritePin)
    i.HAL_GetTick                            0x08000980   Section        0  stm32f4xx_hal.o(i.HAL_GetTick)
    i.HAL_IncTick                            0x0800098c   Section        0  stm32f4xx_hal.o(i.HAL_IncTick)
    i.HAL_Init                               0x080009a4   Section        0  stm32f4xx_hal.o(i.HAL_Init)
    i.HAL_InitTick                           0x080009e0   Section        0  stm32f4xx_hal.o(i.HAL_InitTick)
    i.HAL_MspInit                            0x08000a2c   Section        0  stm32f4xx_hal_msp.o(i.HAL_MspInit)
    i.HAL_NVIC_EnableIRQ                     0x08000a74   Section        0  stm32f4xx_hal_cortex.o(i.HAL_NVIC_EnableIRQ)
    i.HAL_NVIC_SetPriority                   0x08000a94   Section        0  stm32f4xx_hal_cortex.o(i.HAL_NVIC_SetPriority)
    i.HAL_NVIC_SetPriorityGrouping           0x08000b10   Section        0  stm32f4xx_hal_cortex.o(i.HAL_NVIC_SetPriorityGrouping)
    i.HAL_RCC_ClockConfig                    0x08000b38   Section        0  stm32f4xx_hal_rcc.o(i.HAL_RCC_ClockConfig)
    i.HAL_RCC_GetHCLKFreq                    0x08000cb8   Section        0  stm32f4xx_hal_rcc.o(i.HAL_RCC_GetHCLKFreq)
    i.HAL_RCC_GetPCLK1Freq                   0x08000cc4   Section        0  stm32f4xx_hal_rcc.o(i.HAL_RCC_GetPCLK1Freq)
    i.HAL_RCC_GetPCLK2Freq                   0x08000ce4   Section        0  stm32f4xx_hal_rcc.o(i.HAL_RCC_GetPCLK2Freq)
    i.HAL_RCC_GetSysClockFreq                0x08000d04   Section        0  stm32f4xx_hal_rcc.o(i.HAL_RCC_GetSysClockFreq)
    i.HAL_RCC_OscConfig                      0x08000db4   Section        0  stm32f4xx_hal_rcc.o(i.HAL_RCC_OscConfig)
    i.HAL_SYSTICK_Config                     0x080011fc   Section        0  stm32f4xx_hal_cortex.o(i.HAL_SYSTICK_Config)
    i.HAL_TIMEx_BreakCallback                0x08001230   Section        0  stm32f4xx_hal_tim_ex.o(i.HAL_TIMEx_BreakCallback)
    i.HAL_TIMEx_CommutCallback               0x08001232   Section        0  stm32f4xx_hal_tim_ex.o(i.HAL_TIMEx_CommutCallback)
    i.HAL_TIMEx_MasterConfigSynchronization  0x08001234   Section        0  stm32f4xx_hal_tim_ex.o(i.HAL_TIMEx_MasterConfigSynchronization)
    i.HAL_TIM_Base_Init                      0x08001288   Section        0  stm32f4xx_hal_tim.o(i.HAL_TIM_Base_Init)
    i.HAL_TIM_Base_MspInit                   0x080012bc   Section        0  stm32f4xx_hal_msp.o(i.HAL_TIM_Base_MspInit)
    i.HAL_TIM_Base_Start_IT                  0x08001304   Section        0  stm32f4xx_hal_tim.o(i.HAL_TIM_Base_Start_IT)
    i.HAL_TIM_ConfigClockSource              0x0800132e   Section        0  stm32f4xx_hal_tim.o(i.HAL_TIM_ConfigClockSource)
    i.HAL_TIM_IC_CaptureCallback             0x08001436   Section        0  stm32f4xx_hal_tim.o(i.HAL_TIM_IC_CaptureCallback)
    i.HAL_TIM_IRQHandler                     0x08001438   Section        0  stm32f4xx_hal_tim.o(i.HAL_TIM_IRQHandler)
    i.HAL_TIM_OC_DelayElapsedCallback        0x080015ce   Section        0  stm32f4xx_hal_tim.o(i.HAL_TIM_OC_DelayElapsedCallback)
    i.HAL_TIM_PWM_PulseFinishedCallback      0x080015d0   Section        0  stm32f4xx_hal_tim.o(i.HAL_TIM_PWM_PulseFinishedCallback)
    i.HAL_TIM_PeriodElapsedCallback          0x080015d2   Section        0  board_fsm4_main.o(i.HAL_TIM_PeriodElapsedCallback)
    i.HAL_TIM_TriggerCallback                0x080015dc   Section        0  stm32f4xx_hal_tim.o(i.HAL_TIM_TriggerCallback)
    i.HAL_UART_Init                          0x080015de   Section        0  stm32f4xx_hal_uart.o(i.HAL_UART_Init)
    i.HAL_UART_MspInit                       0x08001650   Section        0  stm32f4xx_hal_msp.o(i.HAL_UART_MspInit)
    i.HardFault_Handler                      0x08001750   Section        0  stm32f4xx_it.o(i.HardFault_Handler)
    i.MX_GPIO_Init                           0x08001754   Section        0  board_fsm4_main.o(i.MX_GPIO_Init)
    MX_GPIO_Init                             0x08001755   Thumb Code   342  board_fsm4_main.o(i.MX_GPIO_Init)
    i.MX_TIM1_Init                           0x080018c0   Section        0  board_fsm4_main.o(i.MX_TIM1_Init)
    MX_TIM1_Init                             0x080018c1   Thumb Code    90  board_fsm4_main.o(i.MX_TIM1_Init)
    i.MX_USART1_UART_Init                    0x08001924   Section        0  board_fsm4_main.o(i.MX_USART1_UART_Init)
    MX_USART1_UART_Init                      0x08001925   Thumb Code    40  board_fsm4_main.o(i.MX_USART1_UART_Init)
    i.MX_USART3_UART_Init                    0x08001954   Section        0  board_fsm4_main.o(i.MX_USART3_UART_Init)
    MX_USART3_UART_Init                      0x08001955   Thumb Code    40  board_fsm4_main.o(i.MX_USART3_UART_Init)
    i.MemManage_Handler                      0x08001984   Section        0  stm32f4xx_it.o(i.MemManage_Handler)
    i.NMI_Handler                            0x08001988   Section        0  stm32f4xx_it.o(i.NMI_Handler)
    i.PendSV_Handler                         0x0800198a   Section        0  stm32f4xx_it.o(i.PendSV_Handler)
    i.SysTick_Handler                        0x0800198c   Section        0  stm32f4xx_it.o(i.SysTick_Handler)
    i.SystemClock_Config                     0x08001994   Section        0  board_fsm4_main.o(i.SystemClock_Config)
    SystemClock_Config                       0x08001995   Thumb Code   160  board_fsm4_main.o(i.SystemClock_Config)
    i.SystemInit                             0x08001a3c   Section        0  system_stm32f4xx.o(i.SystemInit)
    i.TIM1_UP_TIM10_IRQHandler               0x08001aa0   Section        0  board_fsm4_main.o(i.TIM1_UP_TIM10_IRQHandler)
    i.TIM_Base_SetConfig                     0x08001ab0   Section        0  stm32f4xx_hal_tim.o(i.TIM_Base_SetConfig)
    i.TIM_ETR_SetConfig                      0x08001b88   Section        0  stm32f4xx_hal_tim.o(i.TIM_ETR_SetConfig)
    i.TIM_ITRx_SetConfig                     0x08001b9e   Section        0  stm32f4xx_hal_tim.o(i.TIM_ITRx_SetConfig)
    TIM_ITRx_SetConfig                       0x08001b9f   Thumb Code    18  stm32f4xx_hal_tim.o(i.TIM_ITRx_SetConfig)
    i.TIM_TI1_ConfigInputStage               0x08001bb0   Section        0  stm32f4xx_hal_tim.o(i.TIM_TI1_ConfigInputStage)
    TIM_TI1_ConfigInputStage                 0x08001bb1   Thumb Code    38  stm32f4xx_hal_tim.o(i.TIM_TI1_ConfigInputStage)
    i.TIM_TI2_ConfigInputStage               0x08001bd6   Section        0  stm32f4xx_hal_tim.o(i.TIM_TI2_ConfigInputStage)
    TIM_TI2_ConfigInputStage                 0x08001bd7   Thumb Code    40  stm32f4xx_hal_tim.o(i.TIM_TI2_ConfigInputStage)
    i.UART_SetConfig                         0x08001c00   Section        0  stm32f4xx_hal_uart.o(i.UART_SetConfig)
    UART_SetConfig                           0x08001c01   Thumb Code   864  stm32f4xx_hal_uart.o(i.UART_SetConfig)
    i.UsageFault_Handler                     0x08001f68   Section        0  stm32f4xx_it.o(i.UsageFault_Handler)
    i.__0vsnprintf                           0x08001f6c   Section        0  printfa.o(i.__0vsnprintf)
    i.__NVIC_GetPriorityGrouping             0x08001f98   Section        0  stm32f4xx_hal_cortex.o(i.__NVIC_GetPriorityGrouping)
    __NVIC_GetPriorityGrouping               0x08001f99   Thumb Code    10  stm32f4xx_hal_cortex.o(i.__NVIC_GetPriorityGrouping)
    i.__NVIC_SetPriority                     0x08001fa8   Section        0  stm32f4xx_hal_cortex.o(i.__NVIC_SetPriority)
    __NVIC_SetPriority                       0x08001fa9   Thumb Code    32  stm32f4xx_hal_cortex.o(i.__NVIC_SetPriority)
    i.__scatterload_copy                     0x08001fd0   Section       14  handlers.o(i.__scatterload_copy)
    i.__scatterload_null                     0x08001fde   Section        2  handlers.o(i.__scatterload_null)
    i.__scatterload_zeroinit                 0x08001fe0   Section       14  handlers.o(i.__scatterload_zeroinit)
    i._fp_digits                             0x08001ff0   Section        0  printfa.o(i._fp_digits)
    _fp_digits                               0x08001ff1   Thumb Code   366  printfa.o(i._fp_digits)
    i._printf_core                           0x08002174   Section        0  printfa.o(i._printf_core)
    _printf_core                             0x08002175   Thumb Code  1744  printfa.o(i._printf_core)
    i._printf_post_padding                   0x08002850   Section        0  printfa.o(i._printf_post_padding)
    _printf_post_padding                     0x08002851   Thumb Code    36  printfa.o(i._printf_post_padding)
    i._printf_pre_padding                    0x08002874   Section        0  printfa.o(i._printf_pre_padding)
    _printf_pre_padding                      0x08002875   Thumb Code    46  printfa.o(i._printf_pre_padding)
    i._snputc                                0x080028a2   Section        0  printfa.o(i._snputc)
    _snputc                                  0x080028a3   Thumb Code    22  printfa.o(i._snputc)
    i.alarm                                  0x080028b8   Section        0  exp4_a.o(i.alarm)
    alarm                                    0x080028b9   Thumb Code    18  exp4_a.o(i.alarm)
    i.board_init                             0x080028e0   Section        0  board_fsm4_main.o(i.board_init)
    i.board_putc                             0x080028fc   Section        0  board_fsm4_main.o(i.board_putc)
    i.board_putc_ready                       0x0800292c   Section        0  board_fsm4_main.o(i.board_putc_ready)
    i.cpu_state                              0x0800293c   Section        0  exp1_a.o(i.cpu_state)
    cpu_state                                0x0800293d   Thumb Code     2  exp1_a.o(i.cpu_state)
    i.exp4_a_do                              0x0800293e   Section        0  exp4_a.o(i.exp4_a_do)
    i.exp4_a_init                            0x08002948   Section        0  exp4_a.o(i.exp4_a_init)
    i.exp4_a_main                            0x0800296c   Section        0  exp4_a.o(i.exp4_a_main)
    i.in_poll_loop                           0x08002988   Section        0  nopoll.o(i.in_poll_loop)
    i.led_flash                              0x08002990   Section        0  exp4_a.o(i.led_flash)
    led_flash                                0x08002991   Thumb Code    76  exp4_a.o(i.led_flash)
    i.led_off                                0x080029e4   Section        0  exp3_led.o(i.led_off)
    i.led_on                                 0x080029f2   Section        0  exp3_led.o(i.led_on)
    i.led_toggle                             0x08002a00   Section        0  exp3_led.o(i.led_toggle)
    i.main                                   0x08002a24   Section        0  board_fsm4_main.o(i.main)
    i.pick_next                              0x08002a30   Section        0  exp1_b_thread.o(i.pick_next)
    pick_next                                0x08002a31   Thumb Code     6  exp1_b_thread.o(i.pick_next)
    i.svc_handler_c                          0x08002a3c   Section        0  exp1_a.o(i.svc_handler_c)
    __tagsym$$used                           0x08002a3d   Number         0  exp1_a.o(i.svc_handler_c)
    i.task_add                               0x08002ca4   Section        0  exp4_a.o(i.task_add)
    i.task_add_oneshot                       0x08002cd0   Section        0  exp4_a.o(i.task_add_oneshot)
    i.task_delete                            0x08002ce2   Section        0  exp4_a.o(i.task_delete)
    i.task_schedule                          0x08002cf4   Section        0  exp4_a.o(i.task_schedule)
    i.task_tick_update                       0x08002d28   Section        0  exp4_a.o(i.task_tick_update)
    i.thread_switch_intenal                  0x08002d5c   Section        0  exp1_b_thread.o(i.thread_switch_intenal)
    __tagsym$$used                           0x08002d5d   Number         0  exp1_b_thread.o(i.thread_switch_intenal)
    i.thread_switch_to                       0x08002eac   Section        0  exp1_b_thread.o(i.thread_switch_to)
    i.thread_yield                           0x08002ef8   Section        0  exp1_b_thread.o(i.thread_yield)
    i.trace_printf                           0x08002f08   Section        0  debug.o(i.trace_printf)
    i.trace_write                            0x08002f40   Section        0  debug.o(i.trace_write)
    trace_write                              0x08002f41   Thumb Code    26  debug.o(i.trace_write)
    .constdata                               0x08002f5a   Section       24  system_stm32f4xx.o(.constdata)
    .data                                    0x20000000   Section        9  stm32f4xx_hal.o(.data)
    .data                                    0x2000000c   Section        4  system_stm32f4xx.o(.data)
    .data                                    0x20000010   Section       28  exp1_b_thread.o(.data)
    main_thread                              0x20000010   Data           4  exp1_b_thread.o(.data)
    current_thread                           0x20000014   Data           4  exp1_b_thread.o(.data)
    next_thread                              0x20000018   Data           4  exp1_b_thread.o(.data)
    alive_thread_count                       0x2000001c   Data           4  exp1_b_thread.o(.data)
    free_slot_head                           0x20000020   Data           4  exp1_b_thread.o(.data)
    svc_nest_count                           0x20000024   Data           4  exp1_b_thread.o(.data)
    picked_rr                                0x20000028   Data           4  exp1_b_thread.o(.data)
    .data                                    0x2000002c   Section       12  exp4_a.o(.data)
    .data                                    0x20000038   Section        8  board_fsm4_main.o(.data)
    .bss                                     0x20000040   Section      256  debug.o(.bss)
    buf                                      0x20000040   Data         256  debug.o(.bss)
    .bss                                     0x20000140   Section      128  exp4_a.o(.bss)
    .bss                                     0x200001c0   Section      192  board_fsm4_main.o(.bss)
    huart1                                   0x200001c0   Data          64  board_fsm4_main.o(.bss)
    huart3                                   0x20000200   Data          64  board_fsm4_main.o(.bss)
    htim1                                    0x20000240   Data          64  board_fsm4_main.o(.bss)
    STACK                                    0x20000280   Section     2048  startup_stm32f407xx.o(STACK)

    Global Symbols

    Symbol Name                              Value     Ov Type        Size  Object(Section)

    BuildAttributes$$THM_ISAv4$E$P$D$K$B$S$7EM$VFPi3$EXTD16$VFPS$VFMA$PE$A:L22UL41UL21$X:L11$S22US41US21$IEEE1$IW$USESV6$~STKCKD$USESV7$~SHL$OSPACE$ROPI$EBA8$MICROLIB$REQ8$PRES8$EABIv2 0x00000000   Number         0  anon$$obj.o ABSOLUTE
    __ARM_use_no_argv                        0x00000000   Number         0  board_fsm4_main.o ABSOLUTE
    __cpp_initialize__aeabi_                  - Undefined Weak Reference
    __cxa_finalize                            - Undefined Weak Reference
    __decompress                              - Undefined Weak Reference
    _clock_init                               - Undefined Weak Reference
    _microlib_exit                            - Undefined Weak Reference
    __Vectors_Size                           0x00000188   Number         0  startup_stm32f407xx.o ABSOLUTE
    __Vectors                                0x08000000   Data           4  startup_stm32f407xx.o(RESET)
    __Vectors_End                            0x08000188   Data           0  startup_stm32f407xx.o(RESET)
    __main                                   0x08000189   Thumb Code     0  entry.o(.ARM.Collect$$$$00000000)
    _main_stk                                0x08000189   Thumb Code     0  entry2.o(.ARM.Collect$$$$00000001)
    _main_scatterload                        0x0800018d   Thumb Code     0  entry5.o(.ARM.Collect$$$$00000004)
    __main_after_scatterload                 0x08000191   Thumb Code     0  entry5.o(.ARM.Collect$$$$00000004)
    _main_clock                              0x08000191   Thumb Code     0  entry7b.o(.ARM.Collect$$$$00000008)
    _main_cpp_init                           0x08000191   Thumb Code     0  entry8b.o(.ARM.Collect$$$$0000000A)
    _main_init                               0x08000191   Thumb Code     0  entry9a.o(.ARM.Collect$$$$0000000B)
    __rt_final_cpp                           0x08000199   Thumb Code     0  entry10a.o(.ARM.Collect$$$$0000000D)
    __rt_final_exit                          0x08000199   Thumb Code     0  entry11a.o(.ARM.Collect$$$$0000000F)
    SVC_Handler                              0x0800019d   Thumb Code    74  exp1_b_thread.o(.emb_text)
    Reset_Handler                            0x080001e9   Thumb Code     8  startup_stm32f407xx.o(.text)
    ADC_IRQHandler                           0x08000203   Thumb Code     0  startup_stm32f407xx.o(.text)
    CAN1_RX0_IRQHandler                      0x08000203   Thumb Code     0  startup_stm32f407xx.o(.text)
    CAN1_RX1_IRQHandler                      0x08000203   Thumb Code     0  startup_stm32f407xx.o(.text)
    CAN1_SCE_IRQHandler                      0x08000203   Thumb Code     0  startup_stm32f407xx.o(.text)
    CAN1_TX_IRQHandler                       0x08000203   Thumb Code     0  startup_stm32f407xx.o(.text)
    CAN2_RX0_IRQHandler                      0x08000203   Thumb Code     0  startup_stm32f407xx.o(.text)
    CAN2_RX1_IRQHandler                      0x08000203   Thumb Code     0  startup_stm32f407xx.o(.text)
    CAN2_SCE_IRQHandler                      0x08000203   Thumb Code     0  startup_stm32f407xx.o(.text)
    CAN2_TX_IRQHandler                       0x08000203   Thumb Code     0  startup_stm32f407xx.o(.text)
    DCMI_IRQHandler                          0x08000203   Thumb Code     0  startup_stm32f407xx.o(.text)
    DMA1_Stream0_IRQHandler                  0x08000203   Thumb Code     0  startup_stm32f407xx.o(.text)
    DMA1_Stream1_IRQHandler                  0x08000203   Thumb Code     0  startup_stm32f407xx.o(.text)
    DMA1_Stream2_IRQHandler                  0x08000203   Thumb Code     0  startup_stm32f407xx.o(.text)
    DMA1_Stream3_IRQHandler                  0x08000203   Thumb Code     0  startup_stm32f407xx.o(.text)
    DMA1_Stream4_IRQHandler                  0x08000203   Thumb Code     0  startup_stm32f407xx.o(.text)
    DMA1_Stream5_IRQHandler                  0x08000203   Thumb Code     0  startup_stm32f407xx.o(.text)
    DMA1_Stream6_IRQHandler                  0x08000203   Thumb Code     0  startup_stm32f407xx.o(.text)
    DMA1_Stream7_IRQHandler                  0x08000203   Thumb Code     0  startup_stm32f407xx.o(.text)
    DMA2_Stream0_IRQHandler                  0x08000203   Thumb Code     0  startup_stm32f407xx.o(.text)
    DMA2_Stream1_IRQHandler                  0x08000203   Thumb Code     0  startup_stm32f407xx.o(.text)
    DMA2_Stream2_IRQHandler                  0x08000203   Thumb Code     0  startup_stm32f407xx.o(.text)
    DMA2_Stream3_IRQHandler                  0x08000203   Thumb Code     0  startup_stm32f407xx.o(.text)
    DMA2_Stream4_IRQHandler                  0x08000203   Thumb Code     0  startup_stm32f407xx.o(.text)
    DMA2_Stream5_IRQHandler                  0x08000203   Thumb Code     0  startup_stm32f407xx.o(.text)
    DMA2_Stream6_IRQHandler                  0x08000203   Thumb Code     0  startup_stm32f407xx.o(.text)
    DMA2_Stream7_IRQHandler                  0x08000203   Thumb Code     0  startup_stm32f407xx.o(.text)
    ETH_IRQHandler                           0x08000203   Thumb Code     0  startup_stm32f407xx.o(.text)
    ETH_WKUP_IRQHandler                      0x08000203   Thumb Code     0  startup_stm32f407xx.o(.text)
    EXTI0_IRQHandler                         0x08000203   Thumb Code     0  startup_stm32f407xx.o(.text)
    EXTI15_10_IRQHandler                     0x08000203   Thumb Code     0  startup_stm32f407xx.o(.text)
    EXTI1_IRQHandler                         0x08000203   Thumb Code     0  startup_stm32f407xx.o(.text)
    EXTI2_IRQHandler                         0x08000203   Thumb Code     0  startup_stm32f407xx.o(.text)
    EXTI3_IRQHandler                         0x08000203   Thumb Code     0  startup_stm32f407xx.o(.text)
    EXTI4_IRQHandler                         0x08000203   Thumb Code     0  startup_stm32f407xx.o(.text)
    EXTI9_5_IRQHandler                       0x08000203   Thumb Code     0  startup_stm32f407xx.o(.text)
    FLASH_IRQHandler                         0x08000203   Thumb Code     0  startup_stm32f407xx.o(.text)
    FMC_IRQHandler                           0x08000203   Thumb Code     0  startup_stm32f407xx.o(.text)
    FPU_IRQHandler                           0x08000203   Thumb Code     0  startup_stm32f407xx.o(.text)
    HASH_RNG_IRQHandler                      0x08000203   Thumb Code     0  startup_stm32f407xx.o(.text)
    I2C1_ER_IRQHandler                       0x08000203   Thumb Code     0  startup_stm32f407xx.o(.text)
    I2C1_EV_IRQHandler                       0x08000203   Thumb Code     0  startup_stm32f407xx.o(.text)
    I2C2_ER_IRQHandler                       0x08000203   Thumb Code     0  startup_stm32f407xx.o(.text)
    I2C2_EV_IRQHandler                       0x08000203   Thumb Code     0  startup_stm32f407xx.o(.text)
    I2C3_ER_IRQHandler                       0x08000203   Thumb Code     0  startup_stm32f407xx.o(.text)
    I2C3_EV_IRQHandler                       0x08000203   Thumb Code     0  startup_stm32f407xx.o(.text)
    OTG_FS_IRQHandler                        0x08000203   Thumb Code     0  startup_stm32f407xx.o(.text)
    OTG_FS_WKUP_IRQHandler                   0x08000203   Thumb Code     0  startup_stm32f407xx.o(.text)
    OTG_HS_EP1_IN_IRQHandler                 0x08000203   Thumb Code     0  startup_stm32f407xx.o(.text)
    OTG_HS_EP1_OUT_IRQHandler                0x08000203   Thumb Code     0  startup_stm32f407xx.o(.text)
    OTG_HS_IRQHandler                        0x08000203   Thumb Code     0  startup_stm32f407xx.o(.text)
    OTG_HS_WKUP_IRQHandler                   0x08000203   Thumb Code     0  startup_stm32f407xx.o(.text)
    PVD_IRQHandler                           0x08000203   Thumb Code     0  startup_stm32f407xx.o(.text)
    RCC_IRQHandler                           0x08000203   Thumb Code     0  startup_stm32f407xx.o(.text)
    RTC_Alarm_IRQHandler                     0x08000203   Thumb Code     0  startup_stm32f407xx.o(.text)
    RTC_WKUP_IRQHandler                      0x08000203   Thumb Code     0  startup_stm32f407xx.o(.text)
    SDIO_IRQHandler                          0x08000203   Thumb Code     0  startup_stm32f407xx.o(.text)
    SPI1_IRQHandler                          0x08000203   Thumb Code     0  startup_stm32f407xx.o(.text)
    SPI2_IRQHandler                          0x08000203   Thumb Code     0  startup_stm32f407xx.o(.text)
    SPI3_IRQHandler                          0x08000203   Thumb Code     0  startup_stm32f407xx.o(.text)
    TAMP_STAMP_IRQHandler                    0x08000203   Thumb Code     0  startup_stm32f407xx.o(.text)
    TIM1_BRK_TIM9_IRQHandler                 0x08000203   Thumb Code     0  startup_stm32f407xx.o(.text)
    TIM1_CC_IRQHandler                       0x08000203   Thumb Code     0  startup_stm32f407xx.o(.text)
    TIM1_TRG_COM_TIM11_IRQHandler            0x08000203   Thumb Code     0  startup_stm32f407xx.o(.text)
    TIM2_IRQHandler                          0x08000203   Thumb Code     0  startup_stm32f407xx.o(.text)
    TIM3_IRQHandler                          0x08000203   Thumb Code     0  startup_stm32f407xx.o(.text)
    TIM4_IRQHandler                          0x08000203   Thumb Code     0  startup_stm32f407xx.o(.text)
    TIM5_IRQHandler                          0x08000203   Thumb Code     0  startup_stm32f407xx.o(.text)
    TIM6_DAC_IRQHandler                      0x08000203   Thumb Code     0  startup_stm32f407xx.o(.text)
    TIM7_IRQHandler                          0x08000203   Thumb Code     0  startup_stm32f407xx.o(.text)
    TIM8_BRK_TIM12_IRQHandler                0x08000203   Thumb Code     0  startup_stm32f407xx.o(.text)
    TIM8_CC_IRQHandler                       0x08000203   Thumb Code     0  startup_stm32f407xx.o(.text)
    TIM8_TRG_COM_TIM14_IRQHandler            0x08000203   Thumb Code     0  startup_stm32f407xx.o(.text)
    TIM8_UP_TIM13_IRQHandler                 0x08000203   Thumb Code     0  startup_stm32f407xx.o(.text)
    UART4_IRQHandler                         0x08000203   Thumb Code     0  startup_stm32f407xx.o(.text)
    UART5_IRQHandler                         0x08000203   Thumb Code     0  startup_stm32f407xx.o(.text)
    USART1_IRQHandler                        0x08000203   Thumb Code     0  startup_stm32f407xx.o(.text)
    USART2_IRQHandler                        0x08000203   Thumb Code     0  startup_stm32f407xx.o(.text)
    USART3_IRQHandler                        0x08000203   Thumb Code     0  startup_stm32f407xx.o(.text)
    USART6_IRQHandler                        0x08000203   Thumb Code     0  startup_stm32f407xx.o(.text)
    WWDG_IRQHandler                          0x08000203   Thumb Code     0  startup_stm32f407xx.o(.text)
    __aeabi_uldivmod                         0x0800020d   Thumb Code    98  uldiv.o(.text)
    __aeabi_memset                           0x0800026f   Thumb Code    14  memseta.o(.text)
    __aeabi_memset4                          0x0800026f   Thumb Code     0  memseta.o(.text)
    __aeabi_memset8                          0x0800026f   Thumb Code     0  memseta.o(.text)
    __aeabi_memclr                           0x0800027d   Thumb Code     4  memseta.o(.text)
    __aeabi_memclr4                          0x0800027d   Thumb Code     0  memseta.o(.text)
    __aeabi_memclr8                          0x0800027d   Thumb Code     0  memseta.o(.text)
    _memset$wrapper                          0x08000281   Thumb Code    18  memseta.o(.text)
    __aeabi_uidiv                            0x08000293   Thumb Code     0  uidiv.o(.text)
    __aeabi_uidivmod                         0x08000293   Thumb Code    44  uidiv.o(.text)
    __aeabi_llsl                             0x080002bf   Thumb Code    30  llshl.o(.text)
    _ll_shift_l                              0x080002bf   Thumb Code     0  llshl.o(.text)
    __aeabi_llsr                             0x080002dd   Thumb Code    32  llushr.o(.text)
    _ll_ushift_r                             0x080002dd   Thumb Code     0  llushr.o(.text)
    __I$use$fp                               0x080002fd   Thumb Code     0  iusefp.o(.text)
    __aeabi_dadd                             0x080002fd   Thumb Code   322  dadd.o(.text)
    __aeabi_dsub                             0x0800043f   Thumb Code     6  dadd.o(.text)
    __aeabi_drsub                            0x08000445   Thumb Code     6  dadd.o(.text)
    __aeabi_dmul                             0x0800044b   Thumb Code   228  dmul.o(.text)
    __aeabi_ddiv                             0x0800052f   Thumb Code   222  ddiv.o(.text)
    __aeabi_d2ulz                            0x0800060d   Thumb Code    48  dfixul.o(.text)
    __aeabi_cdrcmple                         0x0800063d   Thumb Code    48  cdrcmple.o(.text)
    __scatterload                            0x0800066d   Thumb Code    28  init.o(.text)
    __scatterload_rt2                        0x0800066d   Thumb Code     0  init.o(.text)
    __aeabi_lasr                             0x08000691   Thumb Code    36  llsshr.o(.text)
    _ll_sshift_r                             0x08000691   Thumb Code     0  llsshr.o(.text)
    _double_round                            0x080006b5   Thumb Code    30  depilogue.o(.text)
    _double_epilogue                         0x080006d3   Thumb Code   156  depilogue.o(.text)
    BusFault_Handler                         0x0800076f   Thumb Code     4  stm32f4xx_it.o(i.BusFault_Handler)
    DebugMon_Handler                         0x08000773   Thumb Code     2  stm32f4xx_it.o(i.DebugMon_Handler)
    HAL_GPIO_Init                            0x08000775   Thumb Code   466  stm32f4xx_hal_gpio.o(i.HAL_GPIO_Init)
    HAL_GPIO_WritePin                        0x08000975   Thumb Code    12  stm32f4xx_hal_gpio.o(i.HAL_GPIO_WritePin)
    HAL_GetTick                              0x08000981   Thumb Code     6  stm32f4xx_hal.o(i.HAL_GetTick)
    HAL_IncTick                              0x0800098d   Thumb Code    16  stm32f4xx_hal.o(i.HAL_IncTick)
    HAL_Init                                 0x080009a5   Thumb Code    54  stm32f4xx_hal.o(i.HAL_Init)
    HAL_InitTick                             0x080009e1   Thumb Code    64  stm32f4xx_hal.o(i.HAL_InitTick)
    HAL_MspInit                              0x08000a2d   Thumb Code    68  stm32f4xx_hal_msp.o(i.HAL_MspInit)
    HAL_NVIC_EnableIRQ                       0x08000a75   Thumb Code    32  stm32f4xx_hal_cortex.o(i.HAL_NVIC_EnableIRQ)
    HAL_NVIC_SetPriority                     0x08000a95   Thumb Code   124  stm32f4xx_hal_cortex.o(i.HAL_NVIC_SetPriority)
    HAL_NVIC_SetPriorityGrouping             0x08000b11   Thumb Code    32  stm32f4xx_hal_cortex.o(i.HAL_NVIC_SetPriorityGrouping)
    HAL_RCC_ClockConfig                      0x08000b39   Thumb Code   366  stm32f4xx_hal_rcc.o(i.HAL_RCC_ClockConfig)
    HAL_RCC_GetHCLKFreq                      0x08000cb9   Thumb Code     6  stm32f4xx_hal_rcc.o(i.HAL_RCC_GetHCLKFreq)
    HAL_RCC_GetPCLK1Freq                     0x08000cc5   Thumb Code    22  stm32f4xx_hal_rcc.o(i.HAL_RCC_GetPCLK1Freq)
    HAL_RCC_GetPCLK2Freq                     0x08000ce5   Thumb Code    22  stm32f4xx_hal_rcc.o(i.HAL_RCC_GetPCLK2Freq)
    HAL_RCC_GetSysClockFreq                  0x08000d05   Thumb Code   162  stm32f4xx_hal_rcc.o(i.HAL_RCC_GetSysClockFreq)
    HAL_RCC_OscConfig                        0x08000db5   Thumb Code  1086  stm32f4xx_hal_rcc.o(i.HAL_RCC_OscConfig)
    HAL_SYSTICK_Config                       0x080011fd   Thumb Code    52  stm32f4xx_hal_cortex.o(i.HAL_SYSTICK_Config)
    HAL_TIMEx_BreakCallback                  0x08001231   Thumb Code     2  stm32f4xx_hal_tim_ex.o(i.HAL_TIMEx_BreakCallback)
    HAL_TIMEx_CommutCallback                 0x08001233   Thumb Code     2  stm32f4xx_hal_tim_ex.o(i.HAL_TIMEx_CommutCallback)
    HAL_TIMEx_MasterConfigSynchronization    0x08001235   Thumb Code    84  stm32f4xx_hal_tim_ex.o(i.HAL_TIMEx_MasterConfigSynchronization)
    HAL_TIM_Base_Init                        0x08001289   Thumb Code    52  stm32f4xx_hal_tim.o(i.HAL_TIM_Base_Init)
    HAL_TIM_Base_MspInit                     0x080012bd   Thumb Code    62  stm32f4xx_hal_msp.o(i.HAL_TIM_Base_MspInit)
    HAL_TIM_Base_Start_IT                    0x08001305   Thumb Code    42  stm32f4xx_hal_tim.o(i.HAL_TIM_Base_Start_IT)
    HAL_TIM_ConfigClockSource                0x0800132f   Thumb Code   264  stm32f4xx_hal_tim.o(i.HAL_TIM_ConfigClockSource)
    HAL_TIM_IC_CaptureCallback               0x08001437   Thumb Code     2  stm32f4xx_hal_tim.o(i.HAL_TIM_IC_CaptureCallback)
    HAL_TIM_IRQHandler                       0x08001439   Thumb Code   406  stm32f4xx_hal_tim.o(i.HAL_TIM_IRQHandler)
    HAL_TIM_OC_DelayElapsedCallback          0x080015cf   Thumb Code     2  stm32f4xx_hal_tim.o(i.HAL_TIM_OC_DelayElapsedCallback)
    HAL_TIM_PWM_PulseFinishedCallback        0x080015d1   Thumb Code     2  stm32f4xx_hal_tim.o(i.HAL_TIM_PWM_PulseFinishedCallback)
    HAL_TIM_PeriodElapsedCallback            0x080015d3   Thumb Code    10  board_fsm4_main.o(i.HAL_TIM_PeriodElapsedCallback)
    HAL_TIM_TriggerCallback                  0x080015dd   Thumb Code     2  stm32f4xx_hal_tim.o(i.HAL_TIM_TriggerCallback)
    HAL_UART_Init                            0x080015df   Thumb Code   114  stm32f4xx_hal_uart.o(i.HAL_UART_Init)
    HAL_UART_MspInit                         0x08001651   Thumb Code   236  stm32f4xx_hal_msp.o(i.HAL_UART_MspInit)
    HardFault_Handler                        0x08001751   Thumb Code     4  stm32f4xx_it.o(i.HardFault_Handler)
    MemManage_Handler                        0x08001985   Thumb Code     4  stm32f4xx_it.o(i.MemManage_Handler)
    NMI_Handler                              0x08001989   Thumb Code     2  stm32f4xx_it.o(i.NMI_Handler)
    PendSV_Handler                           0x0800198b   Thumb Code     2  stm32f4xx_it.o(i.PendSV_Handler)
    SysTick_Handler                          0x0800198d   Thumb Code     8  stm32f4xx_it.o(i.SysTick_Handler)
    SystemInit                               0x08001a3d   Thumb Code    82  system_stm32f4xx.o(i.SystemInit)
    TIM1_UP_TIM10_IRQHandler                 0x08001aa1   Thumb Code    10  board_fsm4_main.o(i.TIM1_UP_TIM10_IRQHandler)
    TIM_Base_SetConfig                       0x08001ab1   Thumb Code   170  stm32f4xx_hal_tim.o(i.TIM_Base_SetConfig)
    TIM_ETR_SetConfig                        0x08001b89   Thumb Code    22  stm32f4xx_hal_tim.o(i.TIM_ETR_SetConfig)
    UsageFault_Handler                       0x08001f69   Thumb Code     4  stm32f4xx_it.o(i.UsageFault_Handler)
    __0vsnprintf                             0x08001f6d   Thumb Code    40  printfa.o(i.__0vsnprintf)
    __1vsnprintf                             0x08001f6d   Thumb Code     0  printfa.o(i.__0vsnprintf)
    __2vsnprintf                             0x08001f6d   Thumb Code     0  printfa.o(i.__0vsnprintf)
    __c89vsnprintf                           0x08001f6d   Thumb Code     0  printfa.o(i.__0vsnprintf)
    vsnprintf                                0x08001f6d   Thumb Code     0  printfa.o(i.__0vsnprintf)
    __scatterload_copy                       0x08001fd1   Thumb Code    14  handlers.o(i.__scatterload_copy)
    __scatterload_null                       0x08001fdf   Thumb Code     2  handlers.o(i.__scatterload_null)
    __scatterload_zeroinit                   0x08001fe1   Thumb Code    14  handlers.o(i.__scatterload_zeroinit)
    board_init                               0x080028e1   Thumb Code    28  board_fsm4_main.o(i.board_init)
    board_putc                               0x080028fd   Thumb Code    38  board_fsm4_main.o(i.board_putc)
    board_putc_ready                         0x0800292d   Thumb Code    12  board_fsm4_main.o(i.board_putc_ready)
    exp4_a_do                                0x0800293f   Thumb Code     8  exp4_a.o(i.exp4_a_do)
    exp4_a_init                              0x08002949   Thumb Code    26  exp4_a.o(i.exp4_a_init)
    exp4_a_main                              0x0800296d   Thumb Code    22  exp4_a.o(i.exp4_a_main)
    in_poll_loop                             0x08002989   Thumb Code     8  nopoll.o(i.in_poll_loop)
    led_off                                  0x080029e5   Thumb Code    14  exp3_led.o(i.led_off)
    led_on                                   0x080029f3   Thumb Code    14  exp3_led.o(i.led_on)
    led_toggle                               0x08002a01   Thumb Code    30  exp3_led.o(i.led_toggle)
    main                                     0x08002a25   Thumb Code    12  board_fsm4_main.o(i.main)
    svc_handler_c                            0x08002a3d   Thumb Code   206  exp1_a.o(i.svc_handler_c)
    task_add                                 0x08002ca5   Thumb Code    40  exp4_a.o(i.task_add)
    task_add_oneshot                         0x08002cd1   Thumb Code    18  exp4_a.o(i.task_add_oneshot)
    task_delete                              0x08002ce3   Thumb Code    18  exp4_a.o(i.task_delete)
    task_schedule                            0x08002cf5   Thumb Code    48  exp4_a.o(i.task_schedule)
    task_tick_update                         0x08002d29   Thumb Code    46  exp4_a.o(i.task_tick_update)
    thread_switch_intenal                    0x08002d5d   Thumb Code   166  exp1_b_thread.o(i.thread_switch_intenal)
    thread_switch_to                         0x08002ead   Thumb Code    64  exp1_b_thread.o(i.thread_switch_to)
    thread_yield                             0x08002ef9   Thumb Code    14  exp1_b_thread.o(i.thread_yield)
    trace_printf                             0x08002f09   Thumb Code    50  debug.o(i.trace_printf)
    AHBPrescTable                            0x08002f5a   Data          16  system_stm32f4xx.o(.constdata)
    APBPrescTable                            0x08002f6a   Data           8  system_stm32f4xx.o(.constdata)
    Region$$Table$$Base                      0x08002f74   Number         0  anon$$obj.o(Region$$Table)
    Region$$Table$$Limit                     0x08002f94   Number         0  anon$$obj.o(Region$$Table)
    uwTick                                   0x20000000   Data           4  stm32f4xx_hal.o(.data)
    uwTickPrio                               0x20000004   Data           4  stm32f4xx_hal.o(.data)
    uwTickFreq                               0x20000008   Data           1  stm32f4xx_hal.o(.data)
    SystemCoreClock                          0x2000000c   Data           4  system_stm32f4xx.o(.data)
    tim2                                     0x2000002c   Data           4  exp4_a.o(.data)
    clks                                     0x20000030   Data           4  exp4_a.o(.data)
    stop_exp4_a                              0x20000034   Data           4  exp4_a.o(.data)
    recv_ctr                                 0x20000038   Data           4  board_fsm4_main.o(.data)
    send_ctr                                 0x2000003c   Data           4  board_fsm4_main.o(.data)
    tasks                                    0x20000140   Data         128  exp4_a.o(.bss)
    __initial_sp                             0x20000a80   Data           0  startup_stm32f407xx.o(STACK)



==============================================================================

Memory Map of the image

  Image Entry point : 0x08000189

  Load Region LR_IROM1 (Base: 0x08000000, Size: 0x00002fd4, Max: 0x00100000, ABSOLUTE)

    Execution Region ER_IROM1 (Base: 0x08000000, Size: 0x00002f94, Max: 0x00100000, ABSOLUTE)

    Base Addr    Size         Type   Attr      Idx    E Section Name        Object

    0x08000000   0x00000188   Data   RO            3    RESET               startup_stm32f407xx.o
    0x08000188   0x00000000   Code   RO         3704  * .ARM.Collect$$$$00000000  mc_w.l(entry.o)
    0x08000188   0x00000004   Code   RO         3753    .ARM.Collect$$$$00000001  mc_w.l(entry2.o)
    0x0800018c   0x00000004   Code   RO         3756    .ARM.Collect$$$$00000004  mc_w.l(entry5.o)
    0x08000190   0x00000000   Code   RO         3758    .ARM.Collect$$$$00000008  mc_w.l(entry7b.o)
    0x08000190   0x00000000   Code   RO         3760    .ARM.Collect$$$$0000000A  mc_w.l(entry8b.o)
    0x08000190   0x00000008   Code   RO         3761    .ARM.Collect$$$$0000000B  mc_w.l(entry9a.o)
    0x08000198   0x00000000   Code   RO         3763    .ARM.Collect$$$$0000000D  mc_w.l(entry10a.o)
    0x08000198   0x00000000   Code   RO         3765    .ARM.Collect$$$$0000000F  mc_w.l(entry11a.o)
    0x08000198   0x00000004   Code   RO         3754    .ARM.Collect$$$$00002712  mc_w.l(entry2.o)
    0x0800019c   0x0000004a   Code   RO         2844    .emb_text           exp1_b_thread.o
    0x080001e6   0x00000002   PAD
    0x080001e8   0x00000024   Code   RO            4    .text               startup_stm32f407xx.o
    0x0800020c   0x00000062   Code   RO         3707    .text               mc_w.l(uldiv.o)
    0x0800026e   0x00000024   Code   RO         3711    .text               mc_w.l(memseta.o)
    0x08000292   0x0000002c   Code   RO         3770    .text               mc_w.l(uidiv.o)
    0x080002be   0x0000001e   Code   RO         3772    .text               mc_w.l(llshl.o)
    0x080002dc   0x00000020   Code   RO         3774    .text               mc_w.l(llushr.o)
    0x080002fc   0x00000000   Code   RO         3813    .text               mc_w.l(iusefp.o)
    0x080002fc   0x0000014e   Code   RO         3814    .text               mf_w.l(dadd.o)
    0x0800044a   0x000000e4   Code   RO         3816    .text               mf_w.l(dmul.o)
    0x0800052e   0x000000de   Code   RO         3818    .text               mf_w.l(ddiv.o)
    0x0800060c   0x00000030   Code   RO         3820    .text               mf_w.l(dfixul.o)
    0x0800063c   0x00000030   Code   RO         3822    .text               mf_w.l(cdrcmple.o)
    0x0800066c   0x00000024   Code   RO         3824    .text               mc_w.l(init.o)
    0x08000690   0x00000024   Code   RO         3827    .text               mc_w.l(llsshr.o)
    0x080006b4   0x000000ba   Code   RO         3832    .text               mf_w.l(depilogue.o)
    0x0800076e   0x00000004   Code   RO           17    i.BusFault_Handler  stm32f4xx_it.o
    0x08000772   0x00000002   Code   RO           18    i.DebugMon_Handler  stm32f4xx_it.o
    0x08000774   0x00000200   Code   RO         1906    i.HAL_GPIO_Init     stm32f4xx_hal_gpio.o
    0x08000974   0x0000000c   Code   RO         1910    i.HAL_GPIO_WritePin  stm32f4xx_hal_gpio.o
    0x08000980   0x0000000c   Code   RO         2443    i.HAL_GetTick       stm32f4xx_hal.o
    0x0800098c   0x00000018   Code   RO         2449    i.HAL_IncTick       stm32f4xx_hal.o
    0x080009a4   0x0000003c   Code   RO         2450    i.HAL_Init          stm32f4xx_hal.o
    0x080009e0   0x0000004c   Code   RO         2451    i.HAL_InitTick      stm32f4xx_hal.o
    0x08000a2c   0x00000048   Code   RO          188    i.HAL_MspInit       stm32f4xx_hal_msp.o
    0x08000a74   0x00000020   Code   RO         2295    i.HAL_NVIC_EnableIRQ  stm32f4xx_hal_cortex.o
    0x08000a94   0x0000007c   Code   RO         2301    i.HAL_NVIC_SetPriority  stm32f4xx_hal_cortex.o
    0x08000b10   0x00000028   Code   RO         2302    i.HAL_NVIC_SetPriorityGrouping  stm32f4xx_hal_cortex.o
    0x08000b38   0x00000180   Code   RO         1507    i.HAL_RCC_ClockConfig  stm32f4xx_hal_rcc.o
    0x08000cb8   0x0000000c   Code   RO         1512    i.HAL_RCC_GetHCLKFreq  stm32f4xx_hal_rcc.o
    0x08000cc4   0x00000020   Code   RO         1514    i.HAL_RCC_GetPCLK1Freq  stm32f4xx_hal_rcc.o
    0x08000ce4   0x00000020   Code   RO         1515    i.HAL_RCC_GetPCLK2Freq  stm32f4xx_hal_rcc.o
    0x08000d04   0x000000b0   Code   RO         1516    i.HAL_RCC_GetSysClockFreq  stm32f4xx_hal_rcc.o
    0x08000db4   0x00000448   Code   RO         1519    i.HAL_RCC_OscConfig  stm32f4xx_hal_rcc.o
    0x080011fc   0x00000034   Code   RO         2306    i.HAL_SYSTICK_Config  stm32f4xx_hal_cortex.o
    0x08001230   0x00000002   Code   RO          924    i.HAL_TIMEx_BreakCallback  stm32f4xx_hal_tim_ex.o
    0x08001232   0x00000002   Code   RO          925    i.HAL_TIMEx_CommutCallback  stm32f4xx_hal_tim_ex.o
    0x08001234   0x00000054   Code   RO          942    i.HAL_TIMEx_MasterConfigSynchronization  stm32f4xx_hal_tim_ex.o
    0x08001288   0x00000034   Code   RO          238    i.HAL_TIM_Base_Init  stm32f4xx_hal_tim.o
    0x080012bc   0x00000048   Code   RO          190    i.HAL_TIM_Base_MspInit  stm32f4xx_hal_msp.o
    0x08001304   0x0000002a   Code   RO          243    i.HAL_TIM_Base_Start_IT  stm32f4xx_hal_tim.o
    0x0800132e   0x00000108   Code   RO          247    i.HAL_TIM_ConfigClockSource  stm32f4xx_hal_tim.o
    0x08001436   0x00000002   Code   RO          267    i.HAL_TIM_IC_CaptureCallback  stm32f4xx_hal_tim.o
    0x08001438   0x00000196   Code   RO          281    i.HAL_TIM_IRQHandler  stm32f4xx_hal_tim.o
    0x080015ce   0x00000002   Code   RO          284    i.HAL_TIM_OC_DelayElapsedCallback  stm32f4xx_hal_tim.o
    0x080015d0   0x00000002   Code   RO          311    i.HAL_TIM_PWM_PulseFinishedCallback  stm32f4xx_hal_tim.o
    0x080015d2   0x0000000a   Code   RO         3600    i.HAL_TIM_PeriodElapsedCallback  board_fsm4_main.o
    0x080015dc   0x00000002   Code   RO          324    i.HAL_TIM_TriggerCallback  stm32f4xx_hal_tim.o
    0x080015de   0x00000072   Code   RO         1200    i.HAL_UART_Init     stm32f4xx_hal_uart.o
    0x08001650   0x00000100   Code   RO          192    i.HAL_UART_MspInit  stm32f4xx_hal_msp.o
    0x08001750   0x00000004   Code   RO           19    i.HardFault_Handler  stm32f4xx_it.o
    0x08001754   0x0000016c   Code   RO         3601    i.MX_GPIO_Init      board_fsm4_main.o
    0x080018c0   0x00000064   Code   RO         3602    i.MX_TIM1_Init      board_fsm4_main.o
    0x08001924   0x00000030   Code   RO         3603    i.MX_USART1_UART_Init  board_fsm4_main.o
    0x08001954   0x00000030   Code   RO         3604    i.MX_USART3_UART_Init  board_fsm4_main.o
    0x08001984   0x00000004   Code   RO           20    i.MemManage_Handler  stm32f4xx_it.o
    0x08001988   0x00000002   Code   RO           21    i.NMI_Handler       stm32f4xx_it.o
    0x0800198a   0x00000002   Code   RO           22    i.PendSV_Handler    stm32f4xx_it.o
    0x0800198c   0x00000008   Code   RO           24    i.SysTick_Handler   stm32f4xx_it.o
    0x08001994   0x000000a8   Code   RO         3605    i.SystemClock_Config  board_fsm4_main.o
    0x08001a3c   0x00000064   Code   RO         2686    i.SystemInit        system_stm32f4xx.o
    0x08001aa0   0x00000010   Code   RO         3606    i.TIM1_UP_TIM10_IRQHandler  board_fsm4_main.o
    0x08001ab0   0x000000d8   Code   RO          326    i.TIM_Base_SetConfig  stm32f4xx_hal_tim.o
    0x08001b88   0x00000016   Code   RO          337    i.TIM_ETR_SetConfig  stm32f4xx_hal_tim.o
    0x08001b9e   0x00000012   Code   RO          338    i.TIM_ITRx_SetConfig  stm32f4xx_hal_tim.o
    0x08001bb0   0x00000026   Code   RO          344    i.TIM_TI1_ConfigInputStage  stm32f4xx_hal_tim.o
    0x08001bd6   0x00000028   Code   RO          346    i.TIM_TI2_ConfigInputStage  stm32f4xx_hal_tim.o
    0x08001bfe   0x00000002   PAD
    0x08001c00   0x00000368   Code   RO         1227    i.UART_SetConfig    stm32f4xx_hal_uart.o
    0x08001f68   0x00000004   Code   RO           25    i.UsageFault_Handler  stm32f4xx_it.o
    0x08001f6c   0x0000002c   Code   RO         3729    i.__0vsnprintf      mc_w.l(printfa.o)
    0x08001f98   0x00000010   Code   RO         2308    i.__NVIC_GetPriorityGrouping  stm32f4xx_hal_cortex.o
    0x08001fa8   0x00000028   Code   RO         2309    i.__NVIC_SetPriority  stm32f4xx_hal_cortex.o
    0x08001fd0   0x0000000e   Code   RO         3836    i.__scatterload_copy  mc_w.l(handlers.o)
    0x08001fde   0x00000002   Code   RO         3837    i.__scatterload_null  mc_w.l(handlers.o)
    0x08001fe0   0x0000000e   Code   RO         3838    i.__scatterload_zeroinit  mc_w.l(handlers.o)
    0x08001fee   0x00000002   PAD
    0x08001ff0   0x00000184   Code   RO         3731    i._fp_digits        mc_w.l(printfa.o)
    0x08002174   0x000006dc   Code   RO         3732    i._printf_core      mc_w.l(printfa.o)
    0x08002850   0x00000024   Code   RO         3733    i._printf_post_padding  mc_w.l(printfa.o)
    0x08002874   0x0000002e   Code   RO         3734    i._printf_pre_padding  mc_w.l(printfa.o)
    0x080028a2   0x00000016   Code   RO         3735    i._snputc           mc_w.l(printfa.o)
    0x080028b8   0x00000028   Code   RO         3475    i.alarm             exp4_a.o
    0x080028e0   0x0000001c   Code   RO         3610    i.board_init        board_fsm4_main.o
    0x080028fc   0x00000030   Code   RO         3611    i.board_putc        board_fsm4_main.o
    0x0800292c   0x00000010   Code   RO         3612    i.board_putc_ready  board_fsm4_main.o
    0x0800293c   0x00000002   Code   RO         2801    i.cpu_state         exp1_a.o
    0x0800293e   0x00000008   Code   RO         3476    i.exp4_a_do         exp4_a.o
    0x08002946   0x00000002   PAD
    0x08002948   0x00000024   Code   RO         3477    i.exp4_a_init       exp4_a.o
    0x0800296c   0x0000001c   Code   RO         3478    i.exp4_a_main       exp4_a.o
    0x08002988   0x00000008   Code   RO         3571    i.in_poll_loop      nopoll.o
    0x08002990   0x00000054   Code   RO         3479    i.led_flash         exp4_a.o
    0x080029e4   0x0000000e   Code   RO         3427    i.led_off           exp3_led.o
    0x080029f2   0x0000000e   Code   RO         3428    i.led_on            exp3_led.o
    0x08002a00   0x00000024   Code   RO         3429    i.led_toggle        exp3_led.o
    0x08002a24   0x0000000c   Code   RO         3614    i.main              board_fsm4_main.o
    0x08002a30   0x0000000c   Code   RO         2845    i.pick_next         exp1_b_thread.o
    0x08002a3c   0x00000268   Code   RO         2803    i.svc_handler_c     exp1_a.o
    0x08002ca4   0x0000002c   Code   RO         3480    i.task_add          exp4_a.o
    0x08002cd0   0x00000012   Code   RO         3481    i.task_add_oneshot  exp4_a.o
    0x08002ce2   0x00000012   Code   RO         3482    i.task_delete       exp4_a.o
    0x08002cf4   0x00000034   Code   RO         3483    i.task_schedule     exp4_a.o
    0x08002d28   0x00000034   Code   RO         3484    i.task_tick_update  exp4_a.o
    0x08002d5c   0x00000150   Code   RO         2852    i.thread_switch_intenal  exp1_b_thread.o
    0x08002eac   0x0000004c   Code   RO         2853    i.thread_switch_to  exp1_b_thread.o
    0x08002ef8   0x0000000e   Code   RO         2857    i.thread_yield      exp1_b_thread.o
    0x08002f06   0x00000002   PAD
    0x08002f08   0x00000038   Code   RO         2722    i.trace_printf      debug.o
    0x08002f40   0x0000001a   Code   RO         2723    i.trace_write       debug.o
    0x08002f5a   0x00000018   Data   RO         2687    .constdata          system_stm32f4xx.o
    0x08002f72   0x00000002   PAD
    0x08002f74   0x00000020   Data   RO         3834    Region$$Table       anon$$obj.o


    Execution Region RW_IRAM1 (Base: 0x20000000, Size: 0x00000a80, Max: 0x00020000, ABSOLUTE)

    Base Addr    Size         Type   Attr      Idx    E Section Name        Object

    0x20000000   0x00000009   Data   RW         2457    .data               stm32f4xx_hal.o
    0x20000009   0x00000003   PAD
    0x2000000c   0x00000004   Data   RW         2688    .data               system_stm32f4xx.o
    0x20000010   0x0000001c   Data   RW         2861    .data               exp1_b_thread.o
    0x2000002c   0x0000000c   Data   RW         3486    .data               exp4_a.o
    0x20000038   0x00000008   Data   RW         3616    .data               board_fsm4_main.o
    0x20000040   0x00000100   Zero   RW         2724    .bss                debug.o
    0x20000140   0x00000080   Zero   RW         3485    .bss                exp4_a.o
    0x200001c0   0x000000c0   Zero   RW         3615    .bss                board_fsm4_main.o
    0x20000280   0x00000800   Zero   RW            1    STACK               startup_stm32f407xx.o


==============================================================================

Image component sizes


      Code (inc. data)   RO Data    RW Data    ZI Data      Debug   Object Name

       858         76          0          8        192       6879   board_fsm4_main.o
        82          6          0          0        256       1795   debug.o
       618        410          0          0          0       1636   exp1_a.o
       512        188          0         28          0       4366   exp1_b_thread.o
        64          6          0          0          0       1580   exp3_led.o
       380         60          0         12        128       5853   exp4_a.o
         0          0          0          0          0       1444   main.o
         8          0          0          0          0        463   nopoll.o
        36          8        392          0       2048        832   startup_stm32f407xx.o
       172         32          0          9          0       3917   stm32f4xx_hal.o
       304         22          0          0          0      34443   stm32f4xx_hal_cortex.o
       524         46          0          0          0       2308   stm32f4xx_hal_gpio.o
       400         34          0          0          0       2296   stm32f4xx_hal_msp.o
      1732         84          0          0          0       5528   stm32f4xx_hal_rcc.o
      1106         46          0          0          0       9491   stm32f4xx_hal_tim.o
        88          0          0          0          0       2437   stm32f4xx_hal_tim_ex.o
       986          8          0          0          0       1804   stm32f4xx_hal_uart.o
        30          0          0          0          0     690448   stm32f4xx_it.o
       100         18         24          4          0       1155   system_stm32f4xx.o

    ----------------------------------------------------------------------
      8008       1044        450         64       2624     778675   Object Totals
         0          0         32          0          0          0   (incl. Generated)
         8          0          2          3          0          0   (incl. Padding)

    ----------------------------------------------------------------------

      Code (inc. data)   RO Data    RW Data    ZI Data      Debug   Library Member Name

         0          0          0          0          0          0   entry.o
         0          0          0          0          0          0   entry10a.o
         0          0          0          0          0          0   entry11a.o
         8          4          0          0          0          0   entry2.o
         4          0          0          0          0          0   entry5.o
         0          0          0          0          0          0   entry7b.o
         0          0          0          0          0          0   entry8b.o
         8          4          0          0          0          0   entry9a.o
        30          0          0          0          0          0   handlers.o
        36          8          0          0          0         68   init.o
         0          0          0          0          0          0   iusefp.o
        30          0          0          0          0         68   llshl.o
        36          0          0          0          0         68   llsshr.o
        32          0          0          0          0         68   llushr.o
        36          0          0          0          0        108   memseta.o
      2292         84          0          0          0        516   printfa.o
        44          0          0          0          0         80   uidiv.o
        98          0          0          0          0         92   uldiv.o
        48          0          0          0          0         68   cdrcmple.o
       334          0          0          0          0        148   dadd.o
       222          0          0          0          0        100   ddiv.o
       186          0          0          0          0        176   depilogue.o
        48          0          0          0          0         68   dfixul.o
       228          0          0          0          0         96   dmul.o

    ----------------------------------------------------------------------
      3722        100          0          0          0       1724   Library Totals
         2          0          0          0          0          0   (incl. Padding)

    ----------------------------------------------------------------------

      Code (inc. data)   RO Data    RW Data    ZI Data      Debug   Library Name

      2654        100          0          0          0       1068   mc_w.l
      1066          0          0          0          0        656   mf_w.l

    ----------------------------------------------------------------------
      3722        100          0          0          0       1724   Library Totals

    ----------------------------------------------------------------------

==============================================================================


      Code (inc. data)   RO Data    RW Data    ZI Data      Debug   

     11730       1144        450         64       2624     772219   Grand Totals
     11730       1144        450         64       2624     772219   ELF Image Totals
     11730       1144        450         64          0          0   ROM Totals

==============================================================================

    Total RO  Size (Code + RO Data)                12180 (  11.89kB)
    Total RW  Size (RW Data + ZI Data)              2688 (   2.63kB)
    Total ROM Size (Code + RO Data + RW Data)      12244 (  11.96kB)

==============================================================================

